02-13 13:09:43.911 13436 13436 D VRI[MainActivityAliasDefault]: relayoutWindow result, sizeChanged:false, surfaceControlChanged:false, transformHintChanged:false, mSurfaceSize:Point(2772, 1272), mLastSurfaceSize:Point(2772, 1272), mWidth:2772, mHeight:1272, requestedWidth:2772, requestedHeight:1272, transformHint:4, installOrientation:0, displayRotation:1, isSurfaceValid:true, attr.flag:-2122251904, tmpFrames:ClientWindowFrames{frame=[0,0][2772,1272] display=[0,0][2772,1272] parentFrame=[0,0][2772,1272]}, relayoutAsync:true, mSyncSeqId:0
02-13 13:09:43.911 13436 13436 W VRI[MainActivityAliasDefault]: updateBlastSurfaceIfNeeded, surfaceSize:Point(2772, 1272), lastSurfaceSize:Point(2772, 1272), format:-3, blastBufferQueue:android.graphics.BLASTBufferQueue@96fd8c5
02-13 13:09:43.915 13436 13436 E OplusDisplayModeManager: has been initialized.
02-13 13:09:43.915 13436 13436 I SurfaceControl:  setExtendedRangeBrightness sc=Surface(name=app.gamenative/app.gamenative.MainActivityAliasDefault)/@0xa065f5d,currentBufferRatio=1.0,desiredRatio=1.0
02-13 13:09:43.920 13436 13436 D VRI[MainActivityAliasDefault]: onFocusEvent true
02-13 13:09:43.920 13436 13436 W VRI[MainActivityAliasDefault]: handleResized abandoned!
02-13 13:09:43.935 13436 13436 D WindowLayoutComponentImpl: app addWindowLayoutInfoListener activity:app.gamenative.MainActivity@421c8b7 consumer :androidx.window.layout.adapter.extensions.MulticastConsumer@4850c28
02-13 13:09:43.935 13436 13436 D WindowLayoutComponentImpl: Register WindowLayoutInfoListener on Context=app.gamenative.MainActivity@421c8b7, of which baseContext=android.app.ContextImpl@bb237f6
02-13 13:09:43.951 13436 13436 D InsetsController: hide(ime(), fromIme=false)
02-13 13:09:43.951 13436 13436 I ImeTracker: app.gamenative:57fc664f: onCancelled at PHASE_CLIENT_ALREADY_HIDDEN
02-13 13:09:44.421 13436 13436 D LibraryViewModel: onFilterApps - appList.size: 532, isFirstLoad: false
02-13 13:09:44.520 13436 13689 D LibraryViewModel: Saved counts - Custom: 3, Steam: 205, GOG: 15, GOG installed: 0, Epic: 67, Epic installed: 0
02-13 13:09:44.523 13436 13689 D LibraryViewModel: Filtered list size (with Custom Games): 290
02-13 13:09:44.523 13436 13689 D LibraryViewModel: fetchCompatibilityForPage: Fetching compatibility for 50 games, GPU: Adreno (TM) 840
02-13 13:09:44.523 13436 13689 D LibraryViewModel: Using cached result for: Cyberpunk 2077
02-13 13:09:44.523 13436 13689 D LibraryViewModel: Using cached result for: Final Fantasy XV Windows Edition
02-13 13:09:44.523 13436 13689 D LibraryViewModel: Using cached result for: God of War
02-13 13:09:44.523 13436 13689 D LibraryViewModel: Using cached result for: 112 Operator
02-13 13:09:44.523 13436 13689 D LibraryViewModel: Using cached result for: 12 is Better Than 6
02-13 13:09:44.523 13436 13689 D LibraryViewModel: Using cached result for: 3am on Fish Island
02-13 13:09:44.523 13436 13689 D LibraryViewModel: Using cached result for: 50 Minutes Til Impact
02-13 13:09:44.523 13436 13689 D LibraryViewModel: Using cached result for: 911 Operator
02-13 13:09:44.523 13436 13689 D LibraryViewModel: Using cached result for: Age of Empires III: Definitive Edition
02-13 13:09:44.523 13436 13689 D LibraryViewModel: Using cached result for: Agony
02-13 13:09:44.523 13436 13689 D LibraryViewModel: Using cached result for: Agony UNRATED
02-13 13:09:44.524 13436 13689 D LibraryViewModel: Using cached result for: Along the Edge
02-13 13:09:44.524 13436 13689 D LibraryViewModel: Using cached result for: Amnesia: The Bunker
02-13 13:09:44.524 13436 13689 D LibraryViewModel: Using cached result for: Among Us
02-13 13:09:44.524 13436 13689 D LibraryViewModel: Using cached result for: Ampersat
02-13 13:09:44.524 13436 13689 D LibraryViewModel: Using cached result for: Angry Birds VR: Isle of Pigs
02-13 13:09:44.524 13436 13689 D LibraryViewModel: Using cached result for: Apex Legends
02-13 13:09:44.524 13436 13689 D LibraryViewModel: Using cached result for: ARK: Survival Evolved
02-13 13:09:44.524 13436 13689 D LibraryViewModel: Using cached result for: ARK: Survival Of The Fittest
02-13 13:09:44.524 13436 13689 D LibraryViewModel: Using cached result for: Arma 3
02-13 13:09:44.524 13436 13689 D LibraryViewModel: Using cached result for: Asphalt Legends 
02-13 13:09:44.524 13436 13689 D LibraryViewModel: Using cached result for: Assassin's Creed Valhalla
02-13 13:09:44.524 13436 13689 D LibraryViewModel: Using cached result for: ATLAS
02-13 13:09:44.524 13436 13689 D LibraryViewModel: Using cached result for: Backpack Hero
02-13 13:09:44.524 13436 13689 D LibraryViewModel: Using cached result for: Ball Space
02-13 13:09:44.524 13436 13689 D LibraryViewModel: Using cached result for: Barro GT
02-13 13:09:44.524 13436 13689 D LibraryViewModel: Using cached result for: Battlestar Galactica Deadlock
02-13 13:09:44.524 13436 13689 D LibraryViewModel: Using cached result for: Beat Saber
02-13 13:09:44.524 13436 13689 D LibraryViewModel: Using cached result for: Being a DIK - Season 1
02-13 13:09:44.524 13436 13689 D LibraryViewModel: Using cached result for: Bendy and the Ink Machine
02-13 13:09:44.524 13436 13689 D LibraryViewModel: Using cached result for: Billies Wheelie
02-13 13:09:44.524 13436 13689 D LibraryViewModel: Using cached result for: Black Desert
02-13 13:09:44.524 13436 13689 D LibraryViewModel: Using cached result for: BLEACH Brave Souls - 3D Action
02-13 13:09:44.524 13436 13689 D LibraryViewModel: Using cached result for: Blocks
02-13 13:09:44.524 13436 13689 D LibraryViewModel: Using cached result for: Blood West
02-13 13:09:44.524 13436 13689 D LibraryViewModel: Using cached result for: Bloons TD 6
02-13 13:09:44.524 13436 13689 D LibraryViewModel: Using cached result for: Borderlands 2
02-13 13:09:44.524 13436 13689 D LibraryViewModel: Using cached result for: Botany Manor
02-13 13:09:44.524 13436 13689 D LibraryViewModel: Using cached result for: Brawlhalla
02-13 13:09:44.524 13436 13689 D LibraryViewModel: Using cached result for: Broilers
02-13 13:09:44.524 13436 13689 D LibraryViewModel: Using cached result for: Bulb Boy
02-13 13:09:44.524 13436 13689 D LibraryViewModel: Using cached result for: Call of Duty®
02-13 13:09:44.524 13436 13689 D LibraryViewModel: Using cached result for: Cards & Tankards
02-13 13:09:44.524 13436 13689 D LibraryViewModel: Using cached result for: Cassette Beasts
02-13 13:09:44.524 13436 13689 D LibraryViewModel: Using cached result for: Chivalry 2
02-13 13:09:44.524 13436 13689 D LibraryViewModel: Using cached result for: Chivalry 2 - Public Testing
02-13 13:09:44.524 13436 13689 D LibraryViewModel: Using cached result for: Conan Exiles
02-13 13:09:44.524 13436 13689 D LibraryViewModel: Using cached result for: Conan Exiles - Public Beta Client
02-13 13:09:44.524 13436 13689 D LibraryViewModel: Using cached result for: Contractors VR
02-13 13:09:44.524 13436 13689 D LibraryViewModel: Using cached result for: Cor Draconis
02-13 13:09:44.524 13436 13689 D LibraryViewModel: Cached: 50, Uncached: 0
02-13 13:09:44.524 13436 13689 D LibraryViewModel: Updated state with 50 compatibility entries, total: 89
02-13 13:09:44.524 13436 13689 D LibraryViewModel: All games in page are cached, skipping API call
02-13 13:09:44.571 13436 13436 I SurfaceView: 10318562 surfaceDestroyed
02-13 13:09:44.572 13436 15053 D BufferQueueProducer: [9d72e2 SurfaceView[app.gamenative/app.gamenative.MainActivityAliasDefault]#11(BLAST Consumer)11](id:347c0000000b,api:1,p:13436,c:13436) disconnect: api 1
02-13 13:09:44.572 13436 13436 D BufferQueueProducer: [9d72e2 SurfaceView[app.gamenative/app.gamenative.MainActivityAliasDefault]#11(BLAST Consumer)11](id:347c0000000b,api:0,p:-1,c:13436) disconnect: api -1
02-13 13:09:44.572 13436 13436 D BLASTBufferQueue: [9d72e2 SurfaceView[app.gamenative/app.gamenative.MainActivityAliasDefault]#11](f:0,a:1) destructor()
02-13 13:09:44.572 13436 13436 D BufferQueueConsumer: [9d72e2 SurfaceView[app.gamenative/app.gamenative.MainActivityAliasDefault]#11(BLAST Consumer)11](id:347c0000000b,api:0,p:-1,c:13436) disconnect
02-13 13:09:44.576 13436 13436 D XServerScreenKt$XServerScreen$lambda$58$lambda$57$$inlined$onDispose: XServerScreen leaving, clearing back action
02-13 13:09:44.576 13436 13436 D PluviaMainKt$PluviaMain: registerBackAction called: app.gamenative.ui.screen.xserver.XServerScreenKt$XServerScreen$2$1$1$1@96862ba
02-13 13:09:44.577 13436 13602 D SurfaceView: 16304587positionLost mSurfaceControl is null return;
02-13 13:09:44.578 13436 13436 I ImeTracker: app.gamenative:d1736422: onRequestHide at ORIGIN_CLIENT reason HIDE_SOFT_INPUT_CLOSE_CURRENT_SESSION fromUser false
02-13 13:09:44.578 13436 13436 D InsetsController: hide(ime(), fromIme=false)
02-13 13:09:44.578 13436 13436 I ImeTracker: app.gamenative:d1736422: onCancelled at PHASE_CLIENT_ALREADY_HIDDEN
02-13 13:09:44.940 13436 13633 D OplusScrollToTopManager: app.gamenative/app.gamenative.MainActivityAliasDefault,This com.android.internal.policy.DecorView{f997e69 V.E...... R.....I. 0,0-2772,1272 aid=0 alpha=1.0 viewInfo = }[MainActivityAliasDefault] change focus to true
02-13 13:09:45.526 13436 13436 D ResourcesManagerExtImpl: applyConfigurationToAppResourcesLocked app.getDisplayId() return callback.displayId:0
02-13 13:09:45.526 13436 13436 D WindowLayoutComponentImpl: app acceptExtensionWindowLayoutInfo { ExtensionDisplayFeatures[  ] }
02-13 13:09:45.531 13436 13436 W VRI[MainActivityAliasDefault]: handleResized, msg:, frameChanged:true, configChanged:true, displayChanged:false, attachedFrameChanged:false, compatScaleChanged:false, pendingDragResizing=false
02-13 13:09:45.567 13436 13436 D ViewRootImplExtImpl: wrapConfigInfoIntoFlags rotation=0, smallestScreenWidthDp=363, residentWS=false, scenario=0, bounds=Rect(0, 0 - 1272, 2772), relayoutAsync=true, flags=0, newFlags=1453337952, title=app.gamenative/app.gamenative.MainActivityAliasDefault
02-13 13:09:45.567 13436 13436 D VRI[MainActivityAliasDefault]: relayoutWindow result, sizeChanged:true, surfaceControlChanged:false, transformHintChanged:true, mSurfaceSize:Point(1272, 2772), mLastSurfaceSize:Point(2772, 1272), mWidth:2772, mHeight:1272, requestedWidth:1272, requestedHeight:2772, transformHint:0, installOrientation:0, displayRotation:0, isSurfaceValid:true, attr.flag:-2122251904, tmpFrames:ClientWindowFrames{frame=[0,0][1272,2772] display=[0,0][1272,2772] parentFrame=[0,0][1272,2772]}, relayoutAsync:true, mSyncSeqId:0
02-13 13:09:45.567 13436 13436 W VRI[MainActivityAliasDefault]: updateBlastSurfaceIfNeeded, surfaceSize:Point(1272, 2772), lastSurfaceSize:Point(2772, 1272), format:-3, blastBufferQueue:android.graphics.BLASTBufferQueue@96fd8c5
02-13 13:09:45.567 13436 13602 D BufferQueueProducer: [VRI[MainActivityAliasDefault]#0(BLAST Consumer)0](id:347c00000000,api:1,p:13436,c:13436) disconnect: api 1
02-13 13:09:45.568 13436 13602 D BufferQueueProducer: [VRI[MainActivityAliasDefault]#0(BLAST Consumer)0](id:347c00000000,api:1,p:13436,c:13436) connect: api=1 producerControlledByApp=true
02-13 13:09:45.573 13436 13436 I SurfaceControl:  setExtendedRangeBrightness sc=Surface(name=app.gamenative/app.gamenative.MainActivityAliasDefault)/@0xa065f5d,currentBufferRatio=1.0,desiredRatio=1.0
02-13 13:09:45.579 13436 13602 D BLASTBufferQueue: [VRI[MainActivityAliasDefault]#0](f:0,a:2) producer disconnected before acquireNextBufferLocked
02-13 13:09:45.579 13436 13602 D VRI[MainActivityAliasDefault]: Received frameCommittedCallback lastAttemptedDrawFrameNum=1087 didProduceBuffer=true syncBuffer=false
02-13 13:09:45.579 13436 13436 D VRI[MainActivityAliasDefault]: draw finished. seqId=0
02-13 13:09:46.626 13436 13436 E IJankManager: slideSceneEnd unknown scene 1000 mScene:-1
02-13 13:09:46.626 13436 13436 V AutofillManager: requestHideFillUi(null): anchor = null
02-13 13:09:46.694 13436 13436 D ViewRootImplExtImpl: the up motion event handled by client, just return
02-13 13:09:46.699 13436 13436 D WindowOnBackDispatcher:  predictive settings is disabled for app.gamenative
02-13 13:09:46.699 13436 13436 D WindowOnBackDispatcher:  predictive settings is disabled for app.gamenative
02-13 13:09:46.699 13436 13436 W WindowOnBackDispatcher: OnBackInvokedCallback is not enabled for the application.
02-13 13:09:46.699 13436 13436 W WindowOnBackDispatcher: Set 'android:enableOnBackInvokedCallback="true"' in the application manifest.
02-13 13:09:46.700 13436 13436 D WindowManager: Add to mViews: com.android.internal.policy.DecorView{dc80665 V.E...... R.....I. 0,0-0,0 alpha=1.0 viewInfo = }[MainActivityAliasDefault],pkg= app.gamenative
02-13 13:09:46.700 13436 13602 D skia    : setRusSupported enable 0
02-13 13:09:46.703 13436 13436 D ViewRootImplExtImpl: onDisplayChanged -1 for VRI android.view.ViewRootImpl@837a3e1
02-13 13:09:46.703 13436 13436 E OplusBracketLog: [OplusViewMirrorManager] updateHostViewRootIfNeeded, not support android.view.ViewRootImpl@837a3e1
02-13 13:09:46.714 13436 13436 D WindowOnBackDispatcher:  predictive settings is disabled for app.gamenative
02-13 13:09:46.714 13436 13436 D WindowOnBackDispatcher:  predictive settings is disabled for app.gamenative
02-13 13:09:46.720 13436 13436 D BufferQueueConsumer: [](id:347c0000000d,api:0,p:-1,c:13436) connect: controlledByApp=false
02-13 13:09:46.720 13436 13436 D BufferQueueConsumer: [VRI[MainActivityAliasDefault]#13(BLAST Consumer)13](id:347c0000000d,api:0,p:-1,c:13436) setMaxAcquiredBufferCount: 2
02-13 13:09:46.720 13436 13602 D BufferQueueProducer: [VRI[MainActivityAliasDefault]#13(BLAST Consumer)13](id:347c0000000d,api:1,p:13436,c:13436) connect: api=1 producerControlledByApp=true
02-13 13:09:46.723 13436 13436 I SurfaceControl:  setExtendedRangeBrightness sc=Surface(name=app.gamenative/app.gamenative.MainActivityAliasDefault)/@0xc90e023,currentBufferRatio=1.0,desiredRatio=1.0
02-13 13:09:46.729 13436 13602 D BLASTBufferQueue: [VRI[MainActivityAliasDefault]#13](f:0,a:1) acquireNextBufferLocked size=1344x2016 mFrameNumber=1 applyTransaction=true mTimestamp=52870355492799(auto) mPendingTransactions.size=0 graphicBufferId=57707180589141 transform=0
02-13 13:09:46.729 13436 13602 D VRI[MainActivityAliasDefault]: Received frameCommittedCallback lastAttemptedDrawFrameNum=1 didProduceBuffer=true syncBuffer=false
02-13 13:09:46.729 13436 13436 D VRI[MainActivityAliasDefault]: draw finished. seqId=0
02-13 13:09:46.729 13436 13436 D VRI[MainActivityAliasDefault]: onFocusEvent false
02-13 13:09:46.738 13436 13436 I SurfaceControl:  setExtendedRangeBrightness sc=Surface(name=app.gamenative/app.gamenative.MainActivityAliasDefault)/@0xc90e023,currentBufferRatio=1.0,desiredRatio=1.0
02-13 13:09:46.743 13436 13464 D BLASTBufferQueue: releaseBufferCallbackLocked 3 2
02-13 13:09:46.743 13436 13464 D BufferQueueConsumer: [VRI[MainActivityAliasDefault]#13(BLAST Consumer)13](id:347c0000000d,api:1,p:13436,c:13436) setMaxAcquiredBufferCount: 3
02-13 13:09:46.745 13436 13602 D VRI[MainActivityAliasDefault]: Received frameCommittedCallback lastAttemptedDrawFrameNum=3 didProduceBuffer=true syncBuffer=false
02-13 13:09:46.745 13436 13436 D VRI[MainActivityAliasDefault]: draw finished. seqId=0
02-13 13:09:46.748 13436 13436 D VRI[MainActivityAliasDefault]: onFocusEvent true
02-13 13:09:46.750 13436 13436 D InsetsController: hide(ime(), fromIme=false)
02-13 13:09:46.750 13436 13436 I ImeTracker: app.gamenative:a08692a4: onCancelled at PHASE_CLIENT_ALREADY_HIDDEN
02-13 13:09:47.400 13436 13436 E IJankManager: slideSceneEnd unknown scene 1000 mScene:-1
02-13 13:09:47.400 13436 13436 V AutofillManager: requestHideFillUi(null): anchor = null
02-13 13:09:47.492 13436 13436 I PluviaMainKt$PluviaMain: onDestinationChanged to settings
02-13 13:09:47.493 13436 13436 D ViewRootImplExtImpl: the up motion event handled by client, just return
02-13 13:09:47.497 13436 13436 D OplusScrollToTopManager: app.gamenative/app.gamenative.MainActivityAliasDefault,window dying
02-13 13:09:47.497 13436 13436 D OplusScrollToTopManager: app.gamenative/app.gamenative.MainActivityAliasDefault,unregisterSystemUIBroadcastReceiver 
02-13 13:09:47.497 13436 13436 D OplusScrollToTopManager: app.gamenative/app.gamenative.MainActivityAliasDefault, unregisterSystemUIBroadcastReceiver failed java.lang.IllegalArgumentException: Receiver not registered: android.view.OplusScrollToTopManager$2@e463ef6
02-13 13:09:47.497 13436 13436 W WindowOnBackDispatcher: sendCancelIfRunning: isInProgress=false callback=android.view.ViewRootImpl$$ExternalSyntheticLambda13@89e16da
02-13 13:09:47.501 13436 13436 D HWUI    : RenderProxy::destroy: this=0x7bae13b800, mContext=0x7b9b812a00
02-13 13:09:47.501 13436 13602 D HWUI    : SkiaVulkanPipeline::setSurface: this=0x7ba270f280, surface=NULL
02-13 13:09:47.502 13436 13602 D BufferQueueProducer: [VRI[MainActivityAliasDefault]#13(BLAST Consumer)13](id:347c0000000d,api:1,p:13436,c:13436) disconnect: api 1
02-13 13:09:47.502 13436 13436 D BLASTBufferQueue: [VRI[MainActivityAliasDefault]#13](f:0,a:1) destructor()
02-13 13:09:47.502 13436 13436 D BufferQueueConsumer: [VRI[MainActivityAliasDefault]#13(BLAST Consumer)13](id:347c0000000d,api:0,p:-1,c:13436) disconnect
02-13 13:09:47.507 13436 13436 D WindowOnBackDispatcher:  predictive settings is disabled for app.gamenative
02-13 13:09:47.507 13436 13436 W WindowOnBackDispatcher: OnBackInvokedCallback is not enabled for the application.
02-13 13:09:47.507 13436 13436 W WindowOnBackDispatcher: Set 'android:enableOnBackInvokedCallback="true"' in the application manifest.
02-13 13:09:47.572 13436 13436 D SettingsGroupInterfaceKt: [SettingsGOG]: Setting up GOG auth code event listener
02-13 13:09:47.572 13436 13436 D SettingsGroupInterfaceKt: [SettingsGOG]: GOG auth code event listener registered
02-13 13:09:47.596 13436 13436 D VRI[MainActivityAliasDefault]: onFocusEvent true
02-13 13:09:47.622 13436 13436 D InsetsController: hide(ime(), fromIme=false)
02-13 13:09:47.622 13436 13436 I ImeTracker: app.gamenative:dec969a0: onCancelled at PHASE_CLIENT_ALREADY_HIDDEN
02-13 13:09:48.226 13436 13436 D WindowLayoutComponentImpl: app removeWindowLayoutInfoListener consumer: androidx.window.layout.adapter.extensions.MulticastConsumer@4850c28
02-13 13:09:48.623 13436 13633 D OplusScrollToTopManager: app.gamenative/app.gamenative.MainActivityAliasDefault,This com.android.internal.policy.DecorView{f997e69 V.E...... R.....I. 0,0-1272,2772 aid=0 alpha=1.0 viewInfo = }[MainActivityAliasDefault] change focus to true
02-13 13:09:48.822 13436 13436 E IJankManager: slideSceneEnd unknown scene 1000 mScene:-1
02-13 13:09:48.822 13436 13436 V AutofillManager: requestHideFillUi(null): anchor = null
02-13 13:09:49.567 13436 13436 D ViewRootImplExtImpl: the up motion event handled by client, just return
02-13 13:09:49.946 13436 13436 V AutofillManager: requestHideFillUi(null): anchor = null
02-13 13:09:50.065 13436 13436 D ViewRootImplExtImpl: the up motion event handled by client, just return
02-13 13:09:50.602 13436 13436 V AutofillManager: requestHideFillUi(null): anchor = null
02-13 13:09:51.209 13436 13436 I VelocityTracker: LSQ2 speed rezero
02-13 13:09:51.210 13436 13436 I VelocityTracker: LSQ2 speed rezero
02-13 13:09:51.210 13436 13436 D ViewRootImplExtImpl: the up motion event handled by client, just return
02-13 13:09:51.589 13436 13436 E IJankManager: slideSceneEnd unknown scene 1000 mScene:-1
02-13 13:09:51.589 13436 13436 V AutofillManager: requestHideFillUi(null): anchor = null
02-13 13:09:51.645 13436 13436 D ViewRootImplExtImpl: the up motion event handled by client, just return
02-13 13:09:51.659 13436 13436 D WindowOnBackDispatcher:  predictive settings is disabled for app.gamenative
02-13 13:09:51.659 13436 13436 D WindowOnBackDispatcher:  predictive settings is disabled for app.gamenative
02-13 13:09:51.659 13436 13436 W WindowOnBackDispatcher: OnBackInvokedCallback is not enabled for the application.
02-13 13:09:51.659 13436 13436 W WindowOnBackDispatcher: Set 'android:enableOnBackInvokedCallback="true"' in the application manifest.
02-13 13:09:51.660 13436 13436 D WindowManager: Add to mViews: com.android.internal.policy.DecorView{37e4f9a V.E...... R.....I. 0,0-0,0 alpha=1.0 viewInfo = }[MainActivityAliasDefault],pkg= app.gamenative
02-13 13:09:51.660 13436 13602 D skia    : setRusSupported enable 0
02-13 13:09:51.663 13436 13436 D ViewRootImplExtImpl: onDisplayChanged -1 for VRI android.view.ViewRootImpl@4e1cb66
02-13 13:09:51.665 13436 13436 E OplusBracketLog: [OplusViewMirrorManager] updateHostViewRootIfNeeded, not support android.view.ViewRootImpl@4e1cb66
02-13 13:09:51.666 13436 13436 D WindowOnBackDispatcher:  predictive settings is disabled for app.gamenative
02-13 13:09:51.666 13436 13436 D WindowOnBackDispatcher:  predictive settings is disabled for app.gamenative
02-13 13:09:51.684 13436 13436 D BufferQueueConsumer: [](id:347c0000000e,api:0,p:-1,c:13436) connect: controlledByApp=false
02-13 13:09:51.684 13436 13436 D BufferQueueConsumer: [VRI[MainActivityAliasDefault]#14(BLAST Consumer)14](id:347c0000000e,api:0,p:-1,c:13436) setMaxAcquiredBufferCount: 2
02-13 13:09:51.685 13436 13602 D BufferQueueProducer: [VRI[MainActivityAliasDefault]#14(BLAST Consumer)14](id:347c0000000e,api:1,p:13436,c:13436) connect: api=1 producerControlledByApp=true
02-13 13:09:51.687 13436 13436 I SurfaceControl:  setExtendedRangeBrightness sc=Surface(name=app.gamenative/app.gamenative.MainActivityAliasDefault)/@0xc99f19d,currentBufferRatio=1.0,desiredRatio=1.0
02-13 13:09:51.696 13436 13602 D BLASTBufferQueue: [VRI[MainActivityAliasDefault]#14](f:0,a:1) acquireNextBufferLocked size=1496x2799 mFrameNumber=1 applyTransaction=true mTimestamp=52875322862745(auto) mPendingTransactions.size=0 graphicBufferId=57707180589146 transform=0
02-13 13:09:51.696 13436 13602 D VRI[MainActivityAliasDefault]: Received frameCommittedCallback lastAttemptedDrawFrameNum=1 didProduceBuffer=true syncBuffer=false
02-13 13:09:51.696 13436 13436 D VRI[MainActivityAliasDefault]: draw finished. seqId=0
02-13 13:09:51.697 13436 13436 D VRI[MainActivityAliasDefault]: onFocusEvent false
02-13 13:09:51.699 13436 13436 I SurfaceControl:  setExtendedRangeBrightness sc=Surface(name=app.gamenative/app.gamenative.MainActivityAliasDefault)/@0xc99f19d,currentBufferRatio=1.0,desiredRatio=1.0
02-13 13:09:51.705 13436 13464 D BLASTBufferQueue: releaseBufferCallbackLocked 3 2
02-13 13:09:51.705 13436 13464 D BufferQueueConsumer: [VRI[MainActivityAliasDefault]#14(BLAST Consumer)14](id:347c0000000e,api:1,p:13436,c:13436) setMaxAcquiredBufferCount: 3
02-13 13:09:51.713 13436 13602 D VRI[MainActivityAliasDefault]: Received frameCommittedCallback lastAttemptedDrawFrameNum=3 didProduceBuffer=false syncBuffer=false
02-13 13:09:51.713 13436 13436 D VRI[MainActivityAliasDefault]: draw finished. seqId=0
02-13 13:09:51.716 13436 13436 D VRI[MainActivityAliasDefault]: onFocusEvent true
02-13 13:09:51.718 13436 13436 D InsetsController: hide(ime(), fromIme=false)
02-13 13:09:51.718 13436 13436 I ImeTracker: app.gamenative:b07844d1: onCancelled at PHASE_CLIENT_ALREADY_HIDDEN
02-13 13:09:52.587 13436 13436 E IJankManager: slideSceneEnd unknown scene 1000 mScene:-1
02-13 13:09:52.587 13436 13436 V AutofillManager: requestHideFillUi(null): anchor = null
02-13 13:09:52.617 13436 13436 D ViewRootImplExtImpl: the up motion event handled by client, just return
02-13 13:09:52.641 13436 13436 D VRI[MainActivityAliasDefault]: onFocusEvent false
02-13 13:09:52.665 13436 13602 E HWUI    : dequeueBuffer returned unrecognized buffer due to compatible with vulkan.
02-13 13:09:52.713 13436 13633 D OplusScrollToTopManager: app.gamenative/app.gamenative.MainActivityAliasDefault,This com.android.internal.policy.DecorView{f997e69 V.E...... R....... 0,0-1272,2772 aid=0 alpha=1.0 viewInfo = }[MainActivityAliasDefault] change focus to false
02-13 13:09:53.040 13436 13464 D VRI[MainActivityAliasDefault]: dispatchAppVisibility visible:false mUpcomingWindowFocus:false
02-13 13:09:53.040 13436 13511 D VRI[MainActivityAliasDefault]: dispatchAppVisibility visible:false mUpcomingWindowFocus:false
02-13 13:09:53.040 13436 13436 D VRI[MainActivityAliasDefault]: visibilityChanged oldVisibility=true newVisibility=false
02-13 13:09:53.040 13436 13436 D VRI[MainActivityAliasDefault]: visibilityChanged oldVisibility=true newVisibility=false
02-13 13:09:53.046 13436 13436 D HWUI    : RenderProxy::destroy: this=0x7cbe1fa800, mContext=0x7cd9555080
02-13 13:09:53.046 13436 13602 D HWUI    : SkiaVulkanPipeline::setSurface: this=0x7cd9502900, surface=NULL
02-13 13:09:53.046 13436 13602 D BufferQueueProducer: [VRI[MainActivityAliasDefault]#0(BLAST Consumer)0](id:347c00000000,api:1,p:13436,c:13436) disconnect: api 1
02-13 13:09:53.047 13436 13436 D ViewRootImplExtImpl: wrapConfigInfoIntoFlags rotation=0, smallestScreenWidthDp=363, residentWS=false, scenario=0, bounds=Rect(0, 0 - 1272, 2772), relayoutAsync=false, flags=0, newFlags=1453337952, title=app.gamenative/app.gamenative.MainActivityAliasDefault
02-13 13:09:53.051 13436 13436 D VRI[MainActivityAliasDefault]: relayoutWindow result, sizeChanged:false, surfaceControlChanged:true, transformHintChanged:false, mSurfaceSize:Point(1272, 2772), mLastSurfaceSize:Point(1272, 2772), mWidth:1272, mHeight:2772, requestedWidth:1272, requestedHeight:2772, transformHint:0, installOrientation:0, displayRotation:0, isSurfaceValid:false, attr.flag:-2122251904, tmpFrames:ClientWindowFrames{frame=[0,0][1272,2772] display=[0,0][1272,2772] parentFrame=[0,0][0,0]}, relayoutAsync:false, mSyncSeqId:0
02-13 13:09:53.051 13436 13436 D BLASTBufferQueue: [VRI[MainActivityAliasDefault]#0](f:0,a:1) destructor()
02-13 13:09:53.051 13436 13436 D BufferQueueConsumer: [VRI[MainActivityAliasDefault]#0(BLAST Consumer)0](id:347c00000000,api:0,p:-1,c:13436) disconnect
02-13 13:09:53.053 13436 13436 D HWUI    : RenderProxy::destroy: this=0x7b9d486500, mContext=0x7b98dddb00
02-13 13:09:53.053 13436 13602 D HWUI    : SkiaVulkanPipeline::setSurface: this=0x7b9d4a1fc0, surface=NULL
02-13 13:09:53.053 13436 13602 D BufferQueueProducer: [VRI[MainActivityAliasDefault]#14(BLAST Consumer)14](id:347c0000000e,api:1,p:13436,c:13436) disconnect: api 1
02-13 13:09:53.060 13436 13436 D BLASTBufferQueue: [VRI[MainActivityAliasDefault]#14](f:0,a:1) destructor()
02-13 13:09:53.060 13436 13436 D BufferQueueConsumer: [VRI[MainActivityAliasDefault]#14(BLAST Consumer)14](id:347c0000000e,api:0,p:-1,c:13436) disconnect
02-13 13:09:53.062 13436 13436 D VRI[MainActivityAliasDefault]: setWindowStopped stopped:true
02-13 13:09:53.064 13436 13436 D VRI[MainActivityAliasDefault]: setWindowStopped stopped:true
02-13 13:09:53.064 13436 13436 V SystemSensorManagerExtImpl: unRegisterListener by android.view.OrientationEventListener$CompatSensorEventListenerImpl@2f59ef2
02-13 13:09:53.066 13436 13436 D MainActivity: onStop - Index: 0, Connected: true, Logged-In: true, Changing-Config: false, Keep Alive: false, Is Importing: false
02-13 13:09:53.066 13436 13436 I MainActivity: Stopping SteamService - no active operations
02-13 13:09:53.067 13436 13436 I MainActivity: Stopping GOG Service - no active operations
02-13 13:09:53.067 13436 13973 I SteamService: Stopping Steam service
02-13 13:09:53.067 13436 13973 I SteamService$logger: [WebSocketConnection] -> Disconnect called: true
02-13 13:09:53.067 13436 13436 I MainActivity: Stopping EpicService - no active operations
02-13 13:09:53.070 13436 14068 I SteamService$logger: [WebSocketConnection] -> Websocket cancelling: StandaloneCoroutine was cancelled
02-13 13:09:53.070 13436 14016 I SteamService$logger: [CMClient] -> EventHandler `disconnected` called. User Initiated: true, Expected Disconnection: false
02-13 13:09:53.070 13436 13436 I Epic    : [EpicService] Service destroyed
02-13 13:09:53.070 13436 13576 I SteamService: Disconnected from Steam. User initiated: true
02-13 13:09:53.071 13436 13576 I MainViewModel: Received disconnected from Steam
02-13 13:09:53.075 13436 14068 I SteamService: Stopping Steam service
02-13 13:09:53.082 13436 13602 D HWUI    : RenderThread::destroyRenderingContext: this=0x7cd40db300
02-13 13:09:53.082 13436 13602 D HWUI    : SkiaVulkanPipeline::onContextDestroyed: this=0x7b9d4a1fc0
02-13 13:09:53.082 13436 13602 D HWUI    : SkiaVulkanPipeline::onContextDestroyed: this=0x7ba2649300
02-13 13:09:53.082 13436 13602 D HWUI    : SkiaVulkanPipeline::onContextDestroyed: this=0x7ba270f280
02-13 13:09:53.082 13436 13602 D HWUI    : SkiaVulkanPipeline::onContextDestroyed: this=0x7cd9502900
02-13 13:09:53.129 13436 13602 D HWUI    : SkiaVulkanPipeline::setSurface: this=0x7ba2649300, surface=NULL
02-13 13:09:53.131 13436 13602 D HWUI    : SkiaVulkanPipeline::setSurface: this=0x7ba270f280, surface=NULL
02-13 13:09:53.646 13436 13633 D OplusScrollToTopManager: app.gamenative/app.gamenative.MainActivityAliasDefault,This com.android.internal.policy.DecorView{37e4f9a V.E...... R.....ID 0,0-1272,2575 aid=1073741917 alpha=1.0 viewInfo = }[MainActivityAliasDefault] change focus to false
02-13 13:09:53.829 13436 13511 D VRI[MainActivityAliasDefault]: dispatchAppVisibility visible:true mUpcomingWindowFocus:false
02-13 13:09:53.829 13436 13464 D VRI[MainActivityAliasDefault]: dispatchAppVisibility visible:true mUpcomingWindowFocus:false
02-13 13:09:53.829 13436 13436 D VRI[MainActivityAliasDefault]: visibilityChanged oldVisibility=false newVisibility=true
02-13 13:09:53.839 13436 13436 D BufferQueueConsumer: [](id:347c0000000f,api:0,p:-1,c:13436) connect: controlledByApp=false
02-13 13:09:53.839 13436 13436 D BufferQueueConsumer: [VRI[MainActivityAliasDefault]#15(BLAST Consumer)15](id:347c0000000f,api:0,p:-1,c:13436) setMaxAcquiredBufferCount: 2
02-13 13:09:53.840 13436 13602 D BufferQueueProducer: [VRI[MainActivityAliasDefault]#15(BLAST Consumer)15](id:347c0000000f,api:1,p:13436,c:13436) connect: api=1 producerControlledByApp=true
02-13 13:09:53.840 13436 13436 I SurfaceControl:  setExtendedRangeBrightness sc=Surface(name=app.gamenative/app.gamenative.MainActivityAliasDefault)/@0xc99f19d,currentBufferRatio=1.0,desiredRatio=1.0
02-13 13:09:53.850 13436 13602 D BLASTBufferQueue: [VRI[MainActivityAliasDefault]#15](f:0,a:1) acquireNextBufferLocked size=1496x2799 mFrameNumber=1 applyTransaction=true mTimestamp=52877476514359(auto) mPendingTransactions.size=0 graphicBufferId=57707180589151 transform=0
02-13 13:09:53.850 13436 13602 D VRI[MainActivityAliasDefault]: Received frameCommittedCallback lastAttemptedDrawFrameNum=1 didProduceBuffer=true syncBuffer=false
02-13 13:09:53.851 13436 13436 D VRI[MainActivityAliasDefault]: draw finished. seqId=0
02-13 13:09:53.856 13436 13436 D VRI[MainActivityAliasDefault]: setWindowStopped stopped:false
02-13 13:09:53.856 13436 13436 D VRI[MainActivityAliasDefault]: setWindowStopped stopped:false
02-13 13:09:53.856 13436 13436 D ViewRootImpl: Skipping stats log for color mode
02-13 13:09:53.863 13436 13436 D WindowOnBackDispatcher:  predictive settings is disabled for app.gamenative
02-13 13:09:53.863 13436 13436 W WindowOnBackDispatcher: OnBackInvokedCallback is not enabled for the application.
02-13 13:09:53.863 13436 13436 W WindowOnBackDispatcher: Set 'android:enableOnBackInvokedCallback="true"' in the application manifest.
02-13 13:09:53.876 13436 13436 D ActivityThread: ComponentInfo{app.gamenative/app.gamenative.MainActivityAliasDefault} checkFinished=false 2
02-13 13:09:53.876 13436 13436 D ResourcesManagerExtImpl: applyConfigurationToAppResourcesLocked app.getDisplayId() return callback.displayId:0
02-13 13:09:53.876 13436 13436 V AutofillClientController: onActivityResumed()
02-13 13:09:53.876 13436 13436 I MainActivity: GOG service was down on resume - restarting
02-13 13:09:53.876 13436 13436 D GOGService$Companion: [GOGService] Starting service without sync - throttled (14min remaining)
02-13 13:09:53.877 13436 13436 I MainActivity: EpicService was down on resume - restarting
02-13 13:09:53.877 13436 13436 D EPIC    : Starting service...
02-13 13:09:53.877 13436 13436 I EPIC    : Starting service without sync - throttled (14min remaining)
02-13 13:09:53.878 13436 13436 V AutofillClientController: onActivityPostResumed()
02-13 13:09:53.878 13436 13436 V AutofillClientController: onActivityPostResumed(): Relayout fix enabled
02-13 13:09:53.878 13436 13436 V AutofillClientController: forResume(): Not attempting refill.
02-13 13:09:53.892 13436 13436 D PluviaMainKt$PluviaMain: [PluviaMain]: Steam credentials found, attempting reconnection
02-13 13:09:53.893 13436 13436 D GOG     : [PluviaMain]: Starting GOGService for logged-in user
02-13 13:09:53.893 13436 13436 D GOGService$Companion: [GOGService] Starting service without sync - throttled (14min remaining)
02-13 13:09:53.894 13436 13436 D PluviaMainKt$PluviaMain: [PluviaMain]: Starting EpicService for logged-in user
02-13 13:09:53.894 13436 13436 D EPIC    : Starting service...
02-13 13:09:53.894 13436 13436 I EPIC    : Starting service without sync - throttled (14min remaining)
02-13 13:09:53.897 13436 13436 D ViewRootImplExtImpl: wrapConfigInfoIntoFlags rotation=0, smallestScreenWidthDp=363, residentWS=false, scenario=0, bounds=Rect(0, 0 - 1272, 2772), relayoutAsync=false, flags=0, newFlags=1453337952, title=app.gamenative/app.gamenative.MainActivityAliasDefault
02-13 13:09:53.898 13436 13436 D VRI[MainActivityAliasDefault]: relayoutWindow result, sizeChanged:false, surfaceControlChanged:true, transformHintChanged:false, mSurfaceSize:Point(1272, 2772), mLastSurfaceSize:Point(1272, 2772), mWidth:1272, mHeight:2772, requestedWidth:1272, requestedHeight:2772, transformHint:0, installOrientation:0, displayRotation:0, isSurfaceValid:true, attr.flag:-2122251904, tmpFrames:ClientWindowFrames{frame=[0,0][1272,2772] display=[0,0][1272,2772] parentFrame=[0,0][0,0]}, relayoutAsync:false, mSyncSeqId:0
02-13 13:09:53.899 13436 13436 W VRI[MainActivityAliasDefault]: updateBlastSurfaceIfNeeded, surfaceSize:Point(1272, 2772), lastSurfaceSize:Point(1272, 2772), format:-3, blastBufferQueue:null
02-13 13:09:53.899 13436 13436 D BufferQueueConsumer: [](id:347c00000010,api:0,p:-1,c:13436) connect: controlledByApp=false
02-13 13:09:53.899 13436 13436 D BufferQueueConsumer: [VRI[MainActivityAliasDefault]#16(BLAST Consumer)16](id:347c00000010,api:0,p:-1,c:13436) setMaxAcquiredBufferCount: 2
02-13 13:09:53.899 13436 13602 D BufferQueueProducer: [VRI[MainActivityAliasDefault]#16(BLAST Consumer)16](id:347c00000010,api:1,p:13436,c:13436) connect: api=1 producerControlledByApp=true
02-13 13:09:53.900 13436 13436 I SurfaceControl:  setExtendedRangeBrightness sc=Surface(name=app.gamenative/app.gamenative.MainActivityAliasDefault)/@0xa065f5d,currentBufferRatio=1.0,desiredRatio=1.0
02-13 13:09:53.910 13436 13602 D BLASTBufferQueue: [VRI[MainActivityAliasDefault]#16](f:0,a:1) acquireNextBufferLocked size=1272x2772 mFrameNumber=1 applyTransaction=true mTimestamp=52877536250296(auto) mPendingTransactions.size=0 graphicBufferId=57707180589152 transform=0
02-13 13:09:53.910 13436 13602 D VRI[MainActivityAliasDefault]: Received frameCommittedCallback lastAttemptedDrawFrameNum=1 didProduceBuffer=true syncBuffer=false
02-13 13:09:53.910 13436 13436 D VRI[MainActivityAliasDefault]: draw finished. seqId=0
02-13 13:09:53.918 13436 13436 D GOGService: [GOGService] onStartCommand() - action: null
02-13 13:09:53.921 13436 13436 D GOGService: [GOGService] Service restarted by Android - skipping sync (throttled)
02-13 13:09:53.922 13436 13436 I Epic    : [EpicService] Service created
02-13 13:09:53.922 13436 13436 D EPIC    : onStartCommand() - action: null
02-13 13:09:53.924 13436 13436 D EPIC    : Service restarted by Android - skipping sync (throttled)
02-13 13:09:53.926 13436 13436 I SteamService: Using server list path: /data/user/0/app.gamenative/cache/server_list.bin
02-13 13:09:53.927 13436 13747 D SteamService$onCreate: Wifi available
02-13 13:09:53.928 13436 14018 I SteamService$logger: [SmartCMServerList] -> Resolving server list using the provider
02-13 13:09:53.930 13436 13436 D VRI[MainActivityAliasDefault]: onFocusEvent true
02-13 13:09:53.930 13436 13436 D GOGService: [GOGService] onStartCommand() - action: null
02-13 13:09:53.932 13436 13436 D GOGService: [GOGService] Service restarted by Android - skipping sync (throttled)
02-13 13:09:53.932 13436 13436 D EPIC    : onStartCommand() - action: null
02-13 13:09:53.935 13436 13436 D EPIC    : Service restarted by Android - skipping sync (throttled)
02-13 13:09:53.935 13436 13436 D PluviaMainKt$PluviaMain: Started connecting, will timeout in 10s
02-13 13:09:53.937 13436 13436 D InsetsController: hide(ime(), fromIme=false)
02-13 13:09:53.937 13436 13436 I ImeTracker: app.gamenative:e8897a8c: onCancelled at PHASE_CLIENT_ALREADY_HIDDEN
02-13 13:09:53.953 13436 14018 I SteamService$logger: [SmartCMServerList] -> Resolved 50 servers from the provider
02-13 13:09:53.954 13436 14018 I SteamService$logger: [SmartCMServerList] -> Next server candidate: cmp2-ord1.steamserver.net/162.254.193.75:27020 (WEB_SOCKET)
02-13 13:09:53.954 13436 14018 I SteamService$logger: [CMClient] -> Connecting to cmp2-ord1.steamserver.net/162.254.193.75:27020 with protocol [WEB_SOCKET], and with connection impl WebSocketConnection
02-13 13:09:53.954 13436 14018 I SteamService$logger: [WebSocketConnection] -> Trying connection to cmp2-ord1.steamserver.net:27020
02-13 13:09:54.083 13436 14050 I SteamService$logger: [WebSocketConnection] -> Connected to cmp2-ord1.steamserver.net:27020
02-13 13:09:54.083 13436 14050 I SteamService$logger: [CMClient] -> EventHandler `connected` called
02-13 13:09:54.083 13436 14050 I SteamService$logger: [SmartCMServerList] -> Marking cmp2-ord1.steamserver.net/162.254.193.75:27020 - WEB_SOCKET as GOOD
02-13 13:09:54.084 13436 14068 I SteamService: Connected to Steam
02-13 13:09:54.122 13436 14068 I MainViewModel: Received logon started
02-13 13:09:54.123 13436 14068 I MainViewModel: Received is connected
02-13 13:09:54.386 13436 13687 I SteamService$logger: [CMClient] -> handleLogOnResponse got response: OK, extended: Invalid
02-13 13:09:54.387 13436 14068 I SteamService: Logged onto Steam: OK
02-13 13:09:54.392 13436 14068 I MainViewModel: Received logon ended
02-13 13:09:54.396 13436 14068 I SteamService: Received License List OK, size: 217
02-13 13:09:54.405 13436 13683 I SteamService$onLicenseList: Adding 217 licenses
02-13 13:09:54.414 13436 13683 D SteamService$onLicenseList: onLicenseList: Queueing 217 package(s) for PICS
02-13 13:09:54.415 13436 13674 D SteamService$continuousPICSGetProductInfo: Processing 217 package PICS requests
02-13 13:09:54.456 13436 13436 E IJankManager: slideSceneEnd unknown scene 1000 mScene:-1
02-13 13:09:54.457 13436 13436 V AutofillManager: requestHideFillUi(null): anchor = null
02-13 13:09:54.519 13436 13436 I SurfaceControl:  setExtendedRangeBrightness sc=Surface(name=app.gamenative/app.gamenative.MainActivityAliasDefault)/@0xc99f19d,currentBufferRatio=1.0,desiredRatio=1.0
02-13 13:09:54.528 13436 13464 D BLASTBufferQueue: releaseBufferCallbackLocked 3 2
02-13 13:09:54.528 13436 13464 D BufferQueueConsumer: [VRI[MainActivityAliasDefault]#15(BLAST Consumer)15](id:347c0000000f,api:1,p:13436,c:13436) setMaxAcquiredBufferCount: 3
02-13 13:09:54.550 13436 14050 I SteamService$onLoggedOn: Found family share: MaxsTechReview, with 1 members.
02-13 13:09:54.681 13436 13602 E HWUI    : dequeueBuffer returned unrecognized buffer due to compatible with vulkan.
02-13 13:09:54.724 13436 13436 D ViewRootImplExtImpl: the up motion event handled by client, just return
02-13 13:09:54.938 13436 13633 D OplusScrollToTopManager: app.gamenative/app.gamenative.MainActivityAliasDefault,This com.android.internal.policy.DecorView{37e4f9a V.E...... R......D 0,0-1272,2575 aid=1073741917 alpha=1.0 viewInfo = }[MainActivityAliasDefault] change focus to true
02-13 13:09:55.009 13436 13685 D SteamService$onPersonaStateReceived: Local persona state received: Voyager-1986
02-13 13:09:55.015 13436 13677 D SteamService$onPersonaStateReceived: Local persona state received: Voyager-1986
02-13 13:09:55.134 13436 13436 D WindowOnBackDispatcher: onBackInvoked callback: android.view.ViewRootImpl$$ExternalSyntheticLambda13@57e0a8f, animationCallback is null
02-13 13:09:55.134 13436 13436 D WindowOnBackDispatcher:  predictive settings is disabled for app.gamenative
02-13 13:09:55.134 13436 13436 D WindowOnBackDispatcher:  predictive settings is disabled for app.gamenative
02-13 13:09:55.135 13436 13436 D WindowOnBackDispatcher:  predictive settings is disabled for app.gamenative
02-13 13:09:55.135 13436 13436 D Dialog  : dispatchKeyEvent to androidx.compose.ui.window.DialogWrapper@4c1d98f will call onBackPressed
02-13 13:09:55.139 13436 13686 D LibraryViewModel: Collecting 532 apps
02-13 13:09:55.143 13436 13436 D OplusScrollToTopManager: app.gamenative/app.gamenative.MainActivityAliasDefault,window dying
02-13 13:09:55.143 13436 13436 D OplusScrollToTopManager: app.gamenative/app.gamenative.MainActivityAliasDefault,unregisterSystemUIBroadcastReceiver 
02-13 13:09:55.143 13436 13436 D OplusScrollToTopManager: app.gamenative/app.gamenative.MainActivityAliasDefault, unregisterSystemUIBroadcastReceiver failed java.lang.IllegalArgumentException: Receiver not registered: android.view.OplusScrollToTopManager$2@71e66dd
02-13 13:09:55.143 13436 13436 W WindowOnBackDispatcher: sendCancelIfRunning: isInProgress=false callback=android.view.ViewRootImpl$$ExternalSyntheticLambda13@57e0a8f
02-13 13:09:55.145 13436 13436 D HWUI    : RenderProxy::destroy: this=0x7b9d486500, mContext=0x7b98dddb00
02-13 13:09:55.145 13436 13602 D HWUI    : SkiaVulkanPipeline::setSurface: this=0x7b9d4a1fc0, surface=NULL
02-13 13:09:55.145 13436 13602 D BufferQueueProducer: [VRI[MainActivityAliasDefault]#15(BLAST Consumer)15](id:347c0000000f,api:1,p:13436,c:13436) disconnect: api 1
02-13 13:09:55.146 13436 13436 D BLASTBufferQueue: [VRI[MainActivityAliasDefault]#15](f:0,a:1) destructor()
02-13 13:09:55.146 13436 13436 D BufferQueueConsumer: [VRI[MainActivityAliasDefault]#15(BLAST Consumer)15](id:347c0000000f,api:0,p:-1,c:13436) disconnect
02-13 13:09:55.153 13436 14018 D SteamService$continuousPICSGetProductInfo: bufferedPICSGetProductInfo: Queueing 256 for PICS
02-13 13:09:55.153 13436 14018 D SteamService$continuousPICSGetProductInfo: bufferedPICSGetProductInfo: Queueing 256 for PICS
02-13 13:09:55.153 13436 14018 D SteamService$continuousPICSGetProductInfo: bufferedPICSGetProductInfo: Queueing 45 for PICS
02-13 13:09:55.154 13436 14018 D SteamService$continuousPICSGetProductInfo: Processing 256 app PICS requests
02-13 13:09:55.156 13436 13436 D VRI[MainActivityAliasDefault]: onFocusEvent true
02-13 13:09:55.158 13436 13436 D InsetsController: hide(ime(), fromIme=false)
02-13 13:09:55.158 13436 13436 I ImeTracker: app.gamenative:48b0fa26: onCancelled at PHASE_CLIENT_ALREADY_HIDDEN
02-13 13:09:55.719 13436 13436 E IJankManager: slideSceneEnd unknown scene 1000 mScene:-1
02-13 13:09:55.719 13436 13436 V AutofillManager: requestHideFillUi(null): anchor = null
02-13 13:09:55.736 13436 13464 D BLASTBufferQueue: releaseBufferCallbackLocked 3 2
02-13 13:09:55.736 13436 13464 D BufferQueueConsumer: [VRI[MainActivityAliasDefault]#16(BLAST Consumer)16](id:347c00000010,api:1,p:13436,c:13436) setMaxAcquiredBufferCount: 3
02-13 13:09:55.785 13436 13602 D HWUI    : SkiaVulkanPipeline::setSurface: this=0x7b9d4a1fc0, surface=NULL
02-13 13:09:55.856 13436 13689 D SteamService$continuousPICSGetProductInfo: onPicsProduct: 1 of 4
02-13 13:09:55.856 13436 13689 D SteamService$continuousPICSGetProductInfo: 	Received PICS result of 107 app(s).
02-13 13:09:55.856 13436 13689 D SteamService$continuousPICSGetProductInfo: 	Received PICS result of 0 package(s).
02-13 13:09:55.958 13436 13689 D SteamService$continuousPICSGetProductInfo: onPicsProduct: 2 of 4
02-13 13:09:55.958 13436 13689 D SteamService$continuousPICSGetProductInfo: 	Received PICS result of 103 app(s).
02-13 13:09:55.958 13436 13689 D SteamService$continuousPICSGetProductInfo: 	Received PICS result of 0 package(s).
02-13 13:09:56.058 13436 13674 D SteamService$continuousPICSGetProductInfo: onPicsProduct: 3 of 4
02-13 13:09:56.058 13436 13674 D SteamService$continuousPICSGetProductInfo: 	Received PICS result of 36 app(s).
02-13 13:09:56.058 13436 13674 D SteamService$continuousPICSGetProductInfo: 	Received PICS result of 0 package(s).
02-13 13:09:56.074 13436 13436 D ViewRootImplExtImpl: the up motion event handled by client, just return
02-13 13:09:56.084 13436 13689 D SteamService$continuousPICSGetProductInfo: onPicsProduct: 4 of 4
02-13 13:09:56.084 13436 13689 D SteamService$continuousPICSGetProductInfo: 	Received PICS result of 9 app(s).
02-13 13:09:56.084 13436 13689 D SteamService$continuousPICSGetProductInfo: 	Received PICS result of 0 package(s).
02-13 13:09:56.091 13436 13689 D SteamService$continuousPICSGetProductInfo: Processing 256 app PICS requests
02-13 13:09:56.159 13436 13633 D OplusScrollToTopManager: app.gamenative/app.gamenative.MainActivityAliasDefault,This com.android.internal.policy.DecorView{f997e69 V.E...... R....... 0,0-1272,2772 aid=0 alpha=1.0 viewInfo = }[MainActivityAliasDefault] change focus to true
02-13 13:09:56.407 13436 13436 E IJankManager: slideSceneEnd unknown scene 1000 mScene:-1
02-13 13:09:56.407 13436 13436 V AutofillManager: requestHideFillUi(null): anchor = null
02-13 13:09:56.488 13436 13436 D ViewRootImplExtImpl: the up motion event handled by client, just return
02-13 13:09:56.505 13436 13436 D VRI[MainActivityAliasDefault]: onFocusEvent false
02-13 13:09:56.892 13436 13511 D VRI[MainActivityAliasDefault]: dispatchAppVisibility visible:false mUpcomingWindowFocus:false
02-13 13:09:56.892 13436 13436 D VRI[MainActivityAliasDefault]: visibilityChanged oldVisibility=true newVisibility=false
02-13 13:09:56.896 13436 13436 D HWUI    : RenderProxy::destroy: this=0x7cbe1fa800, mContext=0x7cd9555080
02-13 13:09:56.896 13436 13602 D HWUI    : SkiaVulkanPipeline::setSurface: this=0x7cd9502900, surface=NULL
02-13 13:09:56.896 13436 13602 D BufferQueueProducer: [VRI[MainActivityAliasDefault]#16(BLAST Consumer)16](id:347c00000010,api:1,p:13436,c:13436) disconnect: api 1
02-13 13:09:56.896 13436 13602 D HWUI    : endAllActiveAnimators on 0x7c6adcb000 (UnprojectedRipple) with handle 0x7cd4251840
02-13 13:09:56.898 13436 13436 D ViewRootImplExtImpl: wrapConfigInfoIntoFlags rotation=0, smallestScreenWidthDp=363, residentWS=false, scenario=0, bounds=Rect(0, 0 - 1272, 2772), relayoutAsync=false, flags=0, newFlags=1453337952, title=app.gamenative/app.gamenative.MainActivityAliasDefault
02-13 13:09:56.900 13436 13436 D VRI[MainActivityAliasDefault]: relayoutWindow result, sizeChanged:false, surfaceControlChanged:true, transformHintChanged:false, mSurfaceSize:Point(1272, 2772), mLastSurfaceSize:Point(1272, 2772), mWidth:1272, mHeight:2772, requestedWidth:1272, requestedHeight:2772, transformHint:0, installOrientation:0, displayRotation:0, isSurfaceValid:false, attr.flag:-2122251904, tmpFrames:ClientWindowFrames{frame=[0,0][1272,2772] display=[0,0][1272,2772] parentFrame=[0,0][0,0]}, relayoutAsync:false, mSyncSeqId:0
02-13 13:09:56.901 13436 13518 D BLASTBufferQueue: [VRI[MainActivityAliasDefault]#16](f:0,a:1) destructor()
02-13 13:09:56.901 13436 13518 D BufferQueueConsumer: [VRI[MainActivityAliasDefault]#16(BLAST Consumer)16](id:347c00000010,api:0,p:-1,c:13436) disconnect
02-13 13:09:56.902 13436 13436 D VRI[MainActivityAliasDefault]: setWindowStopped stopped:true
02-13 13:09:56.903 13436 13436 D MainActivity: onStop - Index: 0, Connected: true, Logged-In: true, Changing-Config: false, Keep Alive: false, Is Importing: false
02-13 13:09:56.903 13436 13436 I MainActivity: Stopping SteamService - no active operations
02-13 13:09:56.903 13436 13436 I MainActivity: Stopping GOG Service - no active operations
02-13 13:09:56.903 13436 13674 I SteamService: Stopping Steam service
02-13 13:09:56.904 13436 13674 I SteamService$logger: [WebSocketConnection] -> Disconnect called: true
02-13 13:09:56.904 13436 13436 I MainActivity: Stopping EpicService - no active operations
02-13 13:09:56.906 13436 14074 I SteamService$logger: [CMClient] -> EventHandler `disconnected` called. User Initiated: true, Expected Disconnection: false
02-13 13:09:56.906 13436 13436 I Epic    : [EpicService] Service destroyed
02-13 13:09:57.037 13436 14068 I SteamService: Disconnected from Steam. User initiated: true
02-13 13:09:57.038 13436 14074 D SteamService$continuousPICSGetProductInfo: onPicsProduct: 1 of 5
02-13 13:09:57.038 13436 14074 D SteamService$continuousPICSGetProductInfo: 	Received PICS result of 44 app(s).
02-13 13:09:57.038 13436 14074 D SteamService$continuousPICSGetProductInfo: 	Received PICS result of 0 package(s).
02-13 13:09:57.038 13436 14068 I MainViewModel: Received disconnected from Steam
02-13 13:09:57.039 13436 14068 I SteamService: Stopping Steam service
02-13 13:09:57.072 13436 14068 D SteamService$continuousPICSGetProductInfo: onPicsProduct: 2 of 5
02-13 13:09:57.072 13436 14068 D SteamService$continuousPICSGetProductInfo: 	Received PICS result of 35 app(s).
02-13 13:09:57.072 13436 14068 D SteamService$continuousPICSGetProductInfo: 	Received PICS result of 0 package(s).
02-13 13:09:57.137 13436 14068 D SteamService$continuousPICSGetProductInfo: onPicsProduct: 3 of 5
02-13 13:09:57.137 13436 14068 D SteamService$continuousPICSGetProductInfo: 	Received PICS result of 64 app(s).
02-13 13:09:57.137 13436 14068 D SteamService$continuousPICSGetProductInfo: 	Received PICS result of 0 package(s).
02-13 13:09:57.367 13436 13670 D SteamService$continuousPICSGetProductInfo: onPicsProduct: 4 of 5
02-13 13:09:57.367 13436 13670 D SteamService$continuousPICSGetProductInfo: 	Received PICS result of 46 app(s).
02-13 13:09:57.367 13436 13670 D SteamService$continuousPICSGetProductInfo: 	Received PICS result of 0 package(s).
02-13 13:09:57.435 13436 13518 D VRI[MainActivityAliasDefault]: dispatchAppVisibility visible:true mUpcomingWindowFocus:false
