--------- beginning of system
02-13 13:09:11.668 13436 13436 V Configuration: Updating configuration, locales updated from [] to [en_US]
02-13 13:09:12.115 13436 13436 D ResourcesManagerExtImpl: applyConfigurationToAppResourcesLocked app.getDisplayId() return callback.displayId:-1
02-13 13:09:12.202 13436 13602 I DisplayManager: Choreographer implicitly registered for the refresh rate.
02-13 13:09:12.203 13436 13436 D ResourcesManagerExtImpl: applyConfigurationToAppResourcesLocked app.getDisplayId() return callback.displayId:0
02-13 13:09:12.239 13436 13436 D ActivityThread: ComponentInfo{app.gamenative/app.gamenative.MainActivityAliasDefault} checkFinished=false 2
02-13 13:09:12.239 13436 13436 D ResourcesManagerExtImpl: applyConfigurationToAppResourcesLocked app.getDisplayId() return callback.displayId:0
02-13 13:09:12.247 13436 13436 D OplusInputMethodUtil: init sDebug to false, init sDebugIme to false, init sAlwaysOn to false
02-13 13:09:12.247 13436 13436 D OplusInputMethodUtil: updateDebugToClass InputMethodManager.DEBUG = false
02-13 13:09:12.247 13436 13436 D OplusInputMethodUtil: updateDebugToClass ImeFocusController.DEBUG = false
02-13 13:09:12.247 13436 13436 D OplusInputMethodUtil: updateDebugToClass OnBackInvokedDispatcher.DEBUG = false
02-13 13:09:12.247 13436 13436 D OplusInputMethodUtil: updateDebugToClass InsetsController.DEBUG = false
02-13 13:09:12.247 13436 13436 D OplusInputMethodUtil: updateDebugToClass BaseInputConnection.DEBUG = false
02-13 13:09:12.257 13436 13436 D ResourcesManagerExtImpl: applyConfigurationToAppResourcesLocked app.getDisplayId() return callback.displayId:0
02-13 13:09:12.545 13436 13436 D VRI[MainActivityAliasDefault]: relayoutWindow result, sizeChanged:true, surfaceControlChanged:true, transformHintChanged:false, mSurfaceSize:Point(1272, 2772), mLastSurfaceSize:Point(0, 0), mWidth:-1, mHeight:-1, requestedWidth:1272, requestedHeight:2772, transformHint:0, installOrientation:0, displayRotation:0, isSurfaceValid:true, attr.flag:-2122251904, tmpFrames:ClientWindowFrames{frame=[0,0][1272,2772] display=[0,0][1272,2772] parentFrame=[0,0][0,0]}, relayoutAsync:false, mSyncSeqId:0
02-13 13:09:12.545 13436 13436 W VRI[MainActivityAliasDefault]: updateBlastSurfaceIfNeeded, surfaceSize:Point(1272, 2772), lastSurfaceSize:Point(0, 0), format:-1, blastBufferQueue:null
02-13 13:09:12.731 13436 13436 W VRI[MainActivityAliasDefault]: handleResized, msg:, frameChanged:false, configChanged:false, displayChanged:false, attachedFrameChanged:false, compatScaleChanged:false, pendingDragResizing=false
02-13 13:09:15.244 13436 13436 D OplusInputMethodManagerInternal: get inputMethodManager extension: com.android.internal.view.IInputMethodManager$Stub$Proxy@f65083d
02-13 13:09:28.515 13436 13436 D ResourcesManagerExtImpl: applyConfigurationToAppResourcesLocked app.getDisplayId() return callback.displayId:0
02-13 13:09:28.517 13436 13436 W VRI[MainActivityAliasDefault]: handleResized, msg:, frameChanged:true, configChanged:true, displayChanged:false, attachedFrameChanged:false, compatScaleChanged:false, pendingDragResizing=false
02-13 13:09:28.527 13436 13436 D VRI[MainActivityAliasDefault]: relayoutWindow result, sizeChanged:true, surfaceControlChanged:false, transformHintChanged:true, mSurfaceSize:Point(2772, 1272), mLastSurfaceSize:Point(1272, 2772), mWidth:1272, mHeight:2772, requestedWidth:2772, requestedHeight:1272, transformHint:4, installOrientation:0, displayRotation:1, isSurfaceValid:true, attr.flag:-2122251904, tmpFrames:ClientWindowFrames{frame=[0,0][2772,1272] display=[0,0][2772,1272] parentFrame=[0,0][2772,1272]}, relayoutAsync:true, mSyncSeqId:0
02-13 13:09:28.527 13436 13436 W VRI[MainActivityAliasDefault]: updateBlastSurfaceIfNeeded, surfaceSize:Point(2772, 1272), lastSurfaceSize:Point(1272, 2772), format:-1, blastBufferQueue:android.graphics.BLASTBufferQueue@96fd8c5
02-13 13:09:28.546 13436 13436 W VRI[MainActivityAliasDefault]: handleResized, msg:, frameChanged:false, configChanged:false, displayChanged:false, attachedFrameChanged:false, compatScaleChanged:false, pendingDragResizing=false
02-13 13:09:28.627 13436 13436 D InsetsController: Setting requestedVisibleTypes to -12 (was -9)
02-13 13:09:28.651 13436 13436 E OplusCustomizeRestrictionManager: sInstance is null, start a new sInstance
02-13 13:09:28.670 13436 13436 D VRI[MainActivityAliasDefault]: relayoutWindow result, sizeChanged:false, surfaceControlChanged:false, transformHintChanged:false, mSurfaceSize:Point(2772, 1272), mLastSurfaceSize:Point(2772, 1272), mWidth:2772, mHeight:1272, requestedWidth:2772, requestedHeight:1272, transformHint:4, installOrientation:0, displayRotation:1, isSurfaceValid:true, attr.flag:-2122251904, tmpFrames:ClientWindowFrames{frame=[0,0][2772,1272] display=[0,0][2772,1272] parentFrame=[0,0][2772,1272]}, relayoutAsync:true, mSyncSeqId:0
02-13 13:09:28.670 13436 13436 W VRI[MainActivityAliasDefault]: updateBlastSurfaceIfNeeded, surfaceSize:Point(2772, 1272), lastSurfaceSize:Point(2772, 1272), format:-3, blastBufferQueue:android.graphics.BLASTBufferQueue@96fd8c5
02-13 13:09:28.728 13436 13436 W VRI[MainActivityAliasDefault]: handleResized abandoned!
02-13 13:09:37.903 13436 13436 W VRI[MainActivityAliasDefault]: handleResized abandoned!
02-13 13:09:37.989 13436 13436 W VRI[MainActivityAliasDefault]: handleResized abandoned!
02-13 13:09:37.989 13436 13436 W VRI[MainActivityAliasDefault]: handleResized abandoned!
02-13 13:09:38.545 13436 13436 D InsetsController: Setting requestedVisibleTypes to -9 (was -12)
02-13 13:09:38.610 13436 13436 D VRI[MainActivityAliasDefault]: relayoutWindow result, sizeChanged:false, surfaceControlChanged:false, transformHintChanged:false, mSurfaceSize:Point(2772, 1272), mLastSurfaceSize:Point(2772, 1272), mWidth:2772, mHeight:1272, requestedWidth:2772, requestedHeight:1272, transformHint:4, installOrientation:0, displayRotation:1, isSurfaceValid:true, attr.flag:-2122251904, tmpFrames:ClientWindowFrames{frame=[0,0][2772,1272] display=[0,0][2772,1272] parentFrame=[0,0][2772,1272]}, relayoutAsync:true, mSyncSeqId:0
02-13 13:09:38.610 13436 13436 W VRI[MainActivityAliasDefault]: updateBlastSurfaceIfNeeded, surfaceSize:Point(2772, 1272), lastSurfaceSize:Point(2772, 1272), format:-3, blastBufferQueue:android.graphics.BLASTBufferQueue@96fd8c5
02-13 13:09:38.624 13436 13436 W VRI[MainActivityAliasDefault]: handleResized abandoned!
02-13 13:09:40.973 13436 13436 D InsetsController: Setting requestedVisibleTypes to -12 (was -9)
02-13 13:09:40.990 13436 13436 D VRI[MainActivityAliasDefault]: relayoutWindow result, sizeChanged:false, surfaceControlChanged:false, transformHintChanged:false, mSurfaceSize:Point(2772, 1272), mLastSurfaceSize:Point(2772, 1272), mWidth:2772, mHeight:1272, requestedWidth:2772, requestedHeight:1272, transformHint:4, installOrientation:0, displayRotation:1, isSurfaceValid:true, attr.flag:-2122251904, tmpFrames:ClientWindowFrames{frame=[0,0][2772,1272] display=[0,0][2772,1272] parentFrame=[0,0][2772,1272]}, relayoutAsync:true, mSyncSeqId:0
02-13 13:09:40.990 13436 13436 W VRI[MainActivityAliasDefault]: updateBlastSurfaceIfNeeded, surfaceSize:Point(2772, 1272), lastSurfaceSize:Point(2772, 1272), format:-3, blastBufferQueue:android.graphics.BLASTBufferQueue@96fd8c5
02-13 13:09:41.000 13436 13436 W VRI[MainActivityAliasDefault]: handleResized abandoned!
--------- beginning of main
02-13 13:09:41.738 13436 15069 I System.out: I replace: rewrite (fstatat): /data/data/com.winlator.cmod/files/imagefs/usr/local/share/fonts -> /data/data/app.gamenative/files/imagefs/usr/local/share/fonts
02-13 13:09:41.738 13436 15069 I System.out: I replace: rewrite (fstatat): /data/data/com.winlator.cmod/files/imagefs/usr/local/share/fonts -> /data/data/app.gamenative/files/imagefs/usr/local/share/fonts
02-13 13:09:41.743 13436 15069 I System.out: I replace: rewrite (fstatat): /data/data/com.winlator.cmod/files/imagefs/usr/share/fonts -> /data/data/app.gamenative/files/imagefs/usr/share/fonts
02-13 13:09:41.743 13436 15069 I System.out: I replace: rewrite: /data/data/com.winlator.cmod/files/imagefs/usr/share/fonts -> /data/data/app.gamenative/files/imagefs/usr/share/fonts
02-13 13:09:41.743 13436 15069 I System.out: I replace: rewrite: /data/data/com.winlator.cmod/files/imagefs/usr/share/fonts/.uuid -> /data/data/app.gamenative/files/imagefs/usr/share/fonts/.uuid
02-13 13:09:41.743 13436 15069 I System.out: I replace: rewrite: /data/data/com.winlator.cmod/files/imagefs/usr/share/fonts/.uuid -> /data/data/app.gamenative/files/imagefs/usr/share/fonts/.uuid
02-13 13:09:41.743 13436 15069 I System.out: I replace: rewrite (fstatat): /data/data/com.winlator.cmod/files/imagefs/usr/local/share/fonts -> /data/data/app.gamenative/files/imagefs/usr/local/share/fonts
02-13 13:09:41.743 13436 15069 I System.out: I replace: rewrite (fstatat): /data/data/com.winlator.cmod/files/imagefs/usr/local/share/fonts -> /data/data/app.gamenative/files/imagefs/usr/local/share/fonts
02-13 13:09:41.743 13436 15069 I System.out: I replace: rewrite (fstatat): /data/data/com.winlator.cmod/files/imagefs/usr/local/share/fonts -> /data/data/app.gamenative/files/imagefs/usr/local/share/fonts
02-13 13:09:41.788 13436 15069 I System.out: 006c:trace:loaddll:build_module Loaded L"C:\\windows\\system32\\imm32.dll" at 0000004FFCAC0000: builtin
02-13 13:09:41.798 13436 15069 I System.out: _r_debug not found in ld.so
02-13 13:09:41.803 13436 15069 I System.out: I replace: rewrite: /data/data/com.winlator.cmod/files/imagefs/tmp/gamepad.mem -> /data/data/app.gamenative/files/imagefs/tmp/gamepad.mem
02-13 13:09:41.804 13436 15069 I System.out: 0084:fixme:fsync:do_fsync futexes not supported on this platform.
02-13 13:09:41.808 13436 15069 I System.out: 0084:trace:loaddll:build_module Loaded L"C:\\windows\\system32\\svchost.exe" at 0000000140000000: builtin
02-13 13:09:41.809 13436 15069 I System.out: 0084:trace:loaddll:build_module Loaded L"C:\\windows\\system32\\kernelbase.dll" at 0000004FFF140000: builtin
02-13 13:09:41.809 13436 15069 I System.out: 0084:trace:loaddll:build_module Loaded L"C:\\windows\\system32\\kernel32.dll" at 0000004FFF7B0000: builtin
02-13 13:09:41.812 13436 15069 I System.out: 0084:trace:loaddll:build_module Loaded L"C:\\windows\\system32\\ucrtbase.dll" at 0000004FFE860000: builtin
02-13 13:09:41.812 13436 15069 I System.out: 0084:trace:loaddll:build_module Loaded L"C:\\windows\\system32\\sechost.dll" at 0000004FFEEA0000: builtin
02-13 13:09:41.813 13436 15069 I System.out: 0084:trace:loaddll:build_module Loaded L"C:\\windows\\system32\\msvcrt.dll" at 0000004FFE330000: builtin
02-13 13:09:41.813 13436 15069 I System.out: 0084:trace:loaddll:build_module Loaded L"C:\\windows\\system32\\advapi32.dll" at 0000004FFEF80000: builtin
02-13 13:09:41.823 13436 15069 I System.out: 0084:trace:loaddll:build_module Loaded L"C:\\windows\\system32\\wevtsvc.dll" at 0000004FFCA90000: builtin
02-13 13:09:41.824 13436 15069 I System.out: 0084:trace:loaddll:build_module Loaded L"C:\\windows\\system32\\rpcrt4.dll" at 0000004FFDE50000: builtin
02-13 13:09:41.832 13436 15069 I System.out: 004c:trace:loaddll:build_module Loaded L"C:\\windows\\system32\\drivers\\nsiproxy.sys" at 0000004FFCA40000: builtin
02-13 13:09:41.833 13436 15069 I System.out: 0098:err:nsi:poll_netlink bind failed, errno 13.
02-13 13:09:41.840 13436 15069 I System.out: 004c:trace:loaddll:build_module Loaded L"C:\\windows\\system32\\dnsapi.dll" at 0000004FFC860000: builtin
02-13 13:09:41.841 13436 15069 I System.out: 004c:trace:loaddll:build_module Loaded L"C:\\windows\\system32\\nsi.dll" at 0000004FFC810000: builtin
02-13 13:09:41.842 13436 15069 I System.out: 004c:trace:loaddll:build_module Loaded L"C:\\windows\\system32\\ws2_32.dll" at 0000004FFE220000: builtin
02-13 13:09:41.842 13436 15069 I System.out: 004c:trace:loaddll:build_module Loaded L"C:\\windows\\system32\\iphlpapi.dll" at 0000004FFC8E0000: builtin
02-13 13:09:41.842 13436 15069 I System.out: 004c:trace:loaddll:build_module Loaded L"C:\\windows\\system32\\drivers\\ndis.sys" at 0000004FFC9F0000: builtin
02-13 13:09:41.853 13436 15069 I System.out: _r_debug not found in ld.so
02-13 13:09:41.858 13436 15069 I System.out: I replace: rewrite: /data/data/com.winlator.cmod/files/imagefs/tmp/gamepad.mem -> /data/data/app.gamenative/files/imagefs/tmp/gamepad.mem
02-13 13:09:41.859 13436 15069 I System.out: 00a0:fixme:fsync:do_fsync futexes not supported on this platform.
02-13 13:09:41.862 13436 15069 I System.out: 00a0:trace:loaddll:build_module Loaded L"C:\\windows\\system32\\winedevice.exe" at 0000000140000000: builtin
02-13 13:09:41.864 13436 15069 I System.out: 00a0:trace:loaddll:build_module Loaded L"C:\\windows\\system32\\kernelbase.dll" at 0000004FFF140000: builtin
02-13 13:09:41.864 13436 15069 I System.out: 00a0:trace:loaddll:build_module Loaded L"C:\\windows\\system32\\kernel32.dll" at 0000004FFF7B0000: builtin
02-13 13:09:41.867 13436 15069 I System.out: 00a0:trace:loaddll:build_module Loaded L"C:\\windows\\system32\\ucrtbase.dll" at 0000004FFE860000: builtin
02-13 13:09:41.867 13436 15069 I System.out: 00a0:trace:loaddll:build_module Loaded L"C:\\windows\\system32\\sechost.dll" at 0000004FFEEA0000: builtin
02-13 13:09:41.867 13436 15069 I System.out: 00a0:trace:loaddll:build_module Loaded L"C:\\windows\\system32\\msvcrt.dll" at 0000004FFE330000: builtin
02-13 13:09:41.867 13436 15069 I System.out: 00a0:trace:loaddll:build_module Loaded L"C:\\windows\\system32\\advapi32.dll" at 0000004FFEF80000: builtin
02-13 13:09:41.868 13436 15069 I System.out: 00a0:trace:loaddll:build_module Loaded L"C:\\windows\\system32\\ntoskrnl.exe" at 0000004FFD940000: builtin
02-13 13:09:41.878 13436 15069 I System.out: 00a0:trace:loaddll:build_module Loaded L"C:\\windows\\system32\\rpcrt4.dll" at 0000004FFDE50000: builtin
02-13 13:09:41.887 13436 13633 D OplusScrollToTopManager: app.gamenative/app.gamenative.MainActivityAliasDefault,This com.android.internal.policy.DecorView{f997e69 V.E...... R....... 0,0-2772,1272 aid=0 alpha=1.0 viewInfo = }[MainActivityAliasDefault] change focus to true
02-13 13:09:41.888 13436 15069 I System.out: 00a8:trace:loaddll:build_module Loaded L"C:\\windows\\system32\\drivers\\hidparse.sys" at 0000004FFC740000: builtin
02-13 13:09:41.888 13436 15069 I System.out: 00a8:trace:loaddll:build_module Loaded L"C:\\windows\\system32\\drivers\\winebus.sys" at 0000004FFC7A0000: builtin
02-13 13:09:41.889 13436 15069 I System.out: 00a8:trace:loaddll:build_module Loaded L"C:\\windows\\system32\\setupapi.dll" at 0000004FFDB30000: builtin
02-13 13:09:41.900 13436 15069 I System.out: 00a8:trace:loaddll:build_module Loaded L"C:\\windows\\system32\\win32u.dll" at 0000004FFCB90000: builtin
02-13 13:09:41.901 13436 15069 I System.out: 00a8:trace:loaddll:build_module Loaded L"C:\\windows\\system32\\gdi32.dll" at 0000004FFCC30000: builtin
02-13 13:09:41.901 13436 15069 I System.out: 00a8:trace:loaddll:build_module Loaded L"C:\\windows\\system32\\ws2_32.dll" at 0000004FFE220000: builtin
02-13 13:09:41.902 13436 15069 I System.out: 00a8:trace:loaddll:build_module Loaded L"C:\\windows\\system32\\user32.dll" at 0000004FFD030000: builtin
02-13 13:09:41.902 13436 15069 I System.out: 00a8:trace:loaddll:build_module Loaded L"C:\\windows\\system32\\combase.dll" at 0000004FFBF40000: builtin
02-13 13:09:41.903 13436 15069 I System.out: 00a8:trace:loaddll:build_module Loaded L"C:\\windows\\system32\\coml2.dll" at 0000004FFBE90000: builtin
02-13 13:09:41.903 13436 15069 I System.out: 00a8:trace:loaddll:build_module Loaded L"C:\\windows\\system32\\ole32.dll" at 0000004FFC1B0000: builtin
02-13 13:09:41.905 13436 15069 I System.out: I replace: rewrite (fstatat): /data/data/com.winlator.cmod/files/imagefs/usr/share/fonts -> /data/data/app.gamenative/files/imagefs/usr/share/fonts
02-13 13:09:41.905 13436 15069 I System.out: I replace: rewrite: /data/data/com.winlator.cmod/files/imagefs/usr/share/fonts -> /data/data/app.gamenative/files/imagefs/usr/share/fonts
02-13 13:09:41.905 13436 15069 I System.out: I replace: rewrite: /data/data/com.winlator.cmod/files/imagefs/usr/share/fonts/.uuid -> /data/data/app.gamenative/files/imagefs/usr/share/fonts/.uuid
02-13 13:09:41.905 13436 15069 I System.out: I replace: rewrite: /data/data/com.winlator.cmod/files/imagefs/usr/share/fonts/.uuid -> /data/data/app.gamenative/files/imagefs/usr/share/fonts/.uuid
02-13 13:09:41.905 13436 15069 I System.out: I replace: rewrite (fstatat): /data/data/com.winlator.cmod/files/imagefs/usr/local/share/fonts -> /data/data/app.gamenative/files/imagefs/usr/local/share/fonts
02-13 13:09:41.905 13436 15069 I System.out: I replace: rewrite (fstatat): /data/data/com.winlator.cmod/files/imagefs/usr/local/share/fonts -> /data/data/app.gamenative/files/imagefs/usr/local/share/fonts
02-13 13:09:41.905 13436 15069 I System.out: I replace: rewrite (fstatat): /data/data/com.winlator.cmod/files/imagefs/usr/local/share/fonts -> /data/data/app.gamenative/files/imagefs/usr/local/share/fonts
02-13 13:09:41.910 13436 15069 I System.out: I replace: rewrite (fstatat): /data/data/com.winlator.cmod/files/imagefs/usr/share/fonts -> /data/data/app.gamenative/files/imagefs/usr/share/fonts
02-13 13:09:41.910 13436 15069 I System.out: I replace: rewrite: /data/data/com.winlator.cmod/files/imagefs/usr/share/fonts -> /data/data/app.gamenative/files/imagefs/usr/share/fonts
02-13 13:09:41.910 13436 15069 I System.out: I replace: rewrite: /data/data/com.winlator.cmod/files/imagefs/usr/share/fonts/.uuid -> /data/data/app.gamenative/files/imagefs/usr/share/fonts/.uuid
02-13 13:09:41.911 13436 15069 I System.out: I replace: rewrite: /data/data/com.winlator.cmod/files/imagefs/usr/share/fonts/.uuid -> /data/data/app.gamenative/files/imagefs/usr/share/fonts/.uuid
02-13 13:09:41.911 13436 15069 I System.out: I replace: rewrite (fstatat): /data/data/com.winlator.cmod/files/imagefs/usr/local/share/fonts -> /data/data/app.gamenative/files/imagefs/usr/local/share/fonts
02-13 13:09:41.911 13436 15069 I System.out: I replace: rewrite (fstatat): /data/data/com.winlator.cmod/files/imagefs/usr/local/share/fonts -> /data/data/app.gamenative/files/imagefs/usr/local/share/fonts
02-13 13:09:41.911 13436 15069 I System.out: I replace: rewrite (fstatat): /data/data/com.winlator.cmod/files/imagefs/usr/local/share/fonts -> /data/data/app.gamenative/files/imagefs/usr/local/share/fonts
02-13 13:09:41.916 13436 15069 I System.out: 00a8:trace:loaddll:build_module Loaded L"C:\\windows\\system32\\imm32.dll" at 0000004FFCAC0000: builtin
02-13 13:09:41.917 13436 15069 I System.out: 00a8:trace:loaddll:build_module Loaded L"C:\\windows\\system32\\uxtheme.dll" at 0000004FFBD60000: builtin
02-13 13:09:41.937 13436 15069 I System.out: 00a8:trace:loaddll:build_module Loaded L"C:\\windows\\system32\\drivers\\hidclass.sys" at 0000004FFBCB0000: builtin
02-13 13:09:41.937 13436 15069 I System.out: 00a8:trace:loaddll:build_module Loaded L"C:\\windows\\system32\\drivers\\winehid.sys" at 0000004FFBD20000: builtin
02-13 13:09:41.939 13436 15069 I System.out: 00a8:err:hid:pdo_pnp_dispatch Failed to start device 0000000000913390, status 0xc0000005
02-13 13:09:41.940 13436 15069 I System.out: 00a8:fixme:hid:bus_create_hid_device failed to create device error 0xc0000035
02-13 13:09:41.948 13436 15069 I System.out: 00a8:trace:loaddll:build_module Loaded L"C:\\windows\\system32\\drivers\\winebth.sys" at 0000004FFBC50000: builtin
02-13 13:09:41.949 13436 15069 I System.out: 00a8:err:ntoskrnl:ZwLoadDriver failed to create driver L"\\Registry\\Machine\\System\\CurrentControlSet\\Services\\winebth": c00000e5
02-13 13:09:41.950 13436 15069 I System.out: 0034:fixme:service:scmdatabase_autostart_services Auto-start service L"winebth" failed to start: 1359
02-13 13:09:41.954 13436 15069 I System.out: 002c:trace:loaddll:build_module Loaded L"C:\\windows\\system32\\shcore.dll" at 0000004FFAB10000: builtin
02-13 13:09:41.956 13436 15069 I System.out: 002c:trace:loaddll:build_module Loaded L"C:\\windows\\system32\\win32u.dll" at 0000004FFCB90000: builtin
02-13 13:09:41.956 13436 15069 I System.out: 002c:trace:loaddll:build_module Loaded L"C:\\windows\\system32\\gdi32.dll" at 0000004FFCC30000: builtin
02-13 13:09:41.957 13436 15069 I System.out: 002c:trace:loaddll:build_module Loaded L"C:\\windows\\system32\\user32.dll" at 0000004FFD030000: builtin
02-13 13:09:41.957 13436 15069 I System.out: 002c:trace:loaddll:build_module Loaded L"C:\\windows\\system32\\shlwapi.dll" at 0000004FFAB90000: builtin
02-13 13:09:41.957 13436 15069 I System.out: 002c:trace:loaddll:build_module Loaded L"C:\\windows\\system32\\shell32.dll" at 0000004FFAD30000: builtin
02-13 13:09:41.959 13436 15069 I System.out: I replace: rewrite (fstatat): /data/data/com.winlator.cmod/files/imagefs/usr/share/fonts -> /data/data/app.gamenative/files/imagefs/usr/share/fonts
02-13 13:09:41.959 13436 15069 I System.out: I replace: rewrite: /data/data/com.winlator.cmod/files/imagefs/usr/share/fonts -> /data/data/app.gamenative/files/imagefs/usr/share/fonts
02-13 13:09:41.959 13436 15069 I System.out: I replace: rewrite: /data/data/com.winlator.cmod/files/imagefs/usr/share/fonts/.uuid -> /data/data/app.gamenative/files/imagefs/usr/share/fonts/.uuid
02-13 13:09:41.959 13436 15069 I System.out: I replace: rewrite: /data/data/com.winlator.cmod/files/imagefs/usr/share/fonts/.uuid -> /data/data/app.gamenative/files/imagefs/usr/share/fonts/.uuid
02-13 13:09:41.960 13436 15069 I System.out: I replace: rewrite (fstatat): /data/data/com.winlator.cmod/files/imagefs/usr/local/share/fonts -> /data/data/app.gamenative/files/imagefs/usr/local/share/fonts
02-13 13:09:41.960 13436 15069 I System.out: I replace: rewrite (fstatat): /data/data/com.winlator.cmod/files/imagefs/usr/local/share/fonts -> /data/data/app.gamenative/files/imagefs/usr/local/share/fonts
02-13 13:09:41.960 13436 15069 I System.out: I replace: rewrite (fstatat): /data/data/com.winlator.cmod/files/imagefs/usr/local/share/fonts -> /data/data/app.gamenative/files/imagefs/usr/local/share/fonts
02-13 13:09:41.964 13436 15069 I System.out: 00b4:trace:loaddll:build_module Loaded L"C:\\windows\\system32\\drivers\\winexinput.sys" at 0000004FFAAC0000: builtin
02-13 13:09:41.965 13436 15069 I System.out: I replace: rewrite (fstatat): /data/data/com.winlator.cmod/files/imagefs/usr/share/fonts -> /data/data/app.gamenative/files/imagefs/usr/share/fonts
02-13 13:09:41.965 13436 15069 I System.out: I replace: rewrite: /data/data/com.winlator.cmod/files/imagefs/usr/share/fonts -> /data/data/app.gamenative/files/imagefs/usr/share/fonts
02-13 13:09:41.965 13436 15069 I System.out: I replace: rewrite: /data/data/com.winlator.cmod/files/imagefs/usr/share/fonts/.uuid -> /data/data/app.gamenative/files/imagefs/usr/share/fonts/.uuid
02-13 13:09:41.965 13436 15069 I System.out: I replace: rewrite: /data/data/com.winlator.cmod/files/imagefs/usr/share/fonts/.uuid -> /data/data/app.gamenative/files/imagefs/usr/share/fonts/.uuid
02-13 13:09:41.965 13436 15069 I System.out: I replace: rewrite (fstatat): /data/data/com.winlator.cmod/files/imagefs/usr/local/share/fonts -> /data/data/app.gamenative/files/imagefs/usr/local/share/fonts
02-13 13:09:41.965 13436 15069 I System.out: I replace: rewrite (fstatat): /data/data/com.winlator.cmod/files/imagefs/usr/local/share/fonts -> /data/data/app.gamenative/files/imagefs/usr/local/share/fonts
02-13 13:09:41.965 13436 15069 I System.out: I replace: rewrite (fstatat): /data/data/com.winlator.cmod/files/imagefs/usr/local/share/fonts -> /data/data/app.gamenative/files/imagefs/usr/local/share/fonts
02-13 13:09:41.971 13436 15069 I System.out: 002c:trace:loaddll:build_module Loaded L"C:\\windows\\system32\\imm32.dll" at 0000004FFCAC0000: builtin
02-13 13:09:41.974 13436 15069 I System.out: 002c:trace:loaddll:build_module Loaded L"C:\\windows\\system32\\rpcrt4.dll" at 0000004FFDE50000: builtin
02-13 13:09:41.974 13436 15069 I System.out: 002c:trace:loaddll:build_module Loaded L"C:\\windows\\system32\\combase.dll" at 0000004FFBF40000: builtin
02-13 13:09:41.975 13436 15069 I System.out: 002c:trace:loaddll:build_module Loaded L"C:\\windows\\system32\\coml2.dll" at 0000004FFBE90000: builtin
02-13 13:09:41.975 13436 15069 I System.out: 002c:trace:loaddll:build_module Loaded L"C:\\windows\\system32\\ole32.dll" at 0000004FFC1B0000: builtin
02-13 13:09:41.982 13436 15069 I System.out: 0024:trace:loaddll:build_module Loaded L"C:\\windows\\system32\\start.exe" at 0000000140000000: builtin
02-13 13:09:41.983 13436 15069 I System.out: 0024:trace:loaddll:build_module Loaded L"C:\\windows\\system32\\kernelbase.dll" at 0000004FFF140000: builtin
02-13 13:09:41.984 13436 15069 I System.out: 0024:trace:loaddll:build_module Loaded L"C:\\windows\\system32\\kernel32.dll" at 0000004FFF7B0000: builtin
02-13 13:09:41.990 13436 15069 I System.out: 0024:trace:loaddll:build_module Loaded L"C:\\windows\\system32\\ucrtbase.dll" at 0000004FFE860000: builtin
02-13 13:09:41.990 13436 15069 I System.out: 0024:trace:loaddll:build_module Loaded L"C:\\windows\\system32\\sechost.dll" at 0000004FFEEA0000: builtin
02-13 13:09:41.991 13436 15069 I System.out: 0024:trace:loaddll:build_module Loaded L"C:\\windows\\system32\\msvcrt.dll" at 0000004FFE330000: builtin
02-13 13:09:41.991 13436 15069 I System.out: 0024:trace:loaddll:build_module Loaded L"C:\\windows\\system32\\advapi32.dll" at 0000004FFEF80000: builtin
02-13 13:09:41.991 13436 15069 I System.out: 0024:trace:loaddll:build_module Loaded L"C:\\windows\\system32\\shcore.dll" at 0000004FFAB10000: builtin
02-13 13:09:41.993 13436 15069 I System.out: 0024:trace:loaddll:build_module Loaded L"C:\\windows\\system32\\win32u.dll" at 0000004FFCB90000: builtin
02-13 13:09:41.993 13436 15069 I System.out: 0024:trace:loaddll:build_module Loaded L"C:\\windows\\system32\\gdi32.dll" at 0000004FFCC30000: builtin
02-13 13:09:41.994 13436 15069 I System.out: 0024:trace:loaddll:build_module Loaded L"C:\\windows\\system32\\ws2_32.dll" at 0000004FFE220000: builtin
02-13 13:09:41.994 13436 15069 I System.out: 0024:trace:loaddll:build_module Loaded L"C:\\windows\\system32\\user32.dll" at 0000004FFD030000: builtin
02-13 13:09:41.994 13436 15069 I System.out: 0024:trace:loaddll:build_module Loaded L"C:\\windows\\system32\\shlwapi.dll" at 0000004FFAB90000: builtin
02-13 13:09:41.994 13436 15069 I System.out: 0024:trace:loaddll:build_module Loaded L"C:\\windows\\system32\\shell32.dll" at 0000004FFAD30000: builtin
02-13 13:09:42.006 13436 15069 I System.out: I replace: rewrite (fstatat): /data/data/com.winlator.cmod/files/imagefs/usr/share/fonts -> /data/data/app.gamenative/files/imagefs/usr/share/fonts
02-13 13:09:42.006 13436 15069 I System.out: I replace: rewrite: /data/data/com.winlator.cmod/files/imagefs/usr/share/fonts -> /data/data/app.gamenative/files/imagefs/usr/share/fonts
02-13 13:09:42.006 13436 15069 I System.out: I replace: rewrite: /data/data/com.winlator.cmod/files/imagefs/usr/share/fonts/.uuid -> /data/data/app.gamenative/files/imagefs/usr/share/fonts/.uuid
02-13 13:09:42.006 13436 15069 I System.out: I replace: rewrite: /data/data/com.winlator.cmod/files/imagefs/usr/share/fonts/.uuid -> /data/data/app.gamenative/files/imagefs/usr/share/fonts/.uuid
02-13 13:09:42.006 13436 15069 I System.out: I replace: rewrite (fstatat): /data/data/com.winlator.cmod/files/imagefs/usr/local/share/fonts -> /data/data/app.gamenative/files/imagefs/usr/local/share/fonts
02-13 13:09:42.006 13436 15069 I System.out: I replace: rewrite (fstatat): /data/data/com.winlator.cmod/files/imagefs/usr/local/share/fonts -> /data/data/app.gamenative/files/imagefs/usr/local/share/fonts
02-13 13:09:42.006 13436 15069 I System.out: I replace: rewrite (fstatat): /data/data/com.winlator.cmod/files/imagefs/usr/local/share/fonts -> /data/data/app.gamenative/files/imagefs/usr/local/share/fonts
02-13 13:09:42.012 13436 15069 I System.out: I replace: rewrite (fstatat): /data/data/com.winlator.cmod/files/imagefs/usr/share/fonts -> /data/data/app.gamenative/files/imagefs/usr/share/fonts
02-13 13:09:42.012 13436 15069 I System.out: I replace: rewrite: /data/data/com.winlator.cmod/files/imagefs/usr/share/fonts -> /data/data/app.gamenative/files/imagefs/usr/share/fonts
02-13 13:09:42.012 13436 15069 I System.out: I replace: rewrite: /data/data/com.winlator.cmod/files/imagefs/usr/share/fonts/.uuid -> /data/data/app.gamenative/files/imagefs/usr/share/fonts/.uuid
02-13 13:09:42.012 13436 15069 I System.out: I replace: rewrite: /data/data/com.winlator.cmod/files/imagefs/usr/share/fonts/.uuid -> /data/data/app.gamenative/files/imagefs/usr/share/fonts/.uuid
02-13 13:09:42.012 13436 15069 I System.out: I replace: rewrite (fstatat): /data/data/com.winlator.cmod/files/imagefs/usr/local/share/fonts -> /data/data/app.gamenative/files/imagefs/usr/local/share/fonts
02-13 13:09:42.012 13436 15069 I System.out: I replace: rewrite (fstatat): /data/data/com.winlator.cmod/files/imagefs/usr/local/share/fonts -> /data/data/app.gamenative/files/imagefs/usr/local/share/fonts
02-13 13:09:42.012 13436 15069 I System.out: I replace: rewrite (fstatat): /data/data/com.winlator.cmod/files/imagefs/usr/local/share/fonts -> /data/data/app.gamenative/files/imagefs/usr/local/share/fonts
02-13 13:09:42.018 13436 15069 I System.out: 0024:trace:loaddll:build_module Loaded L"C:\\windows\\system32\\imm32.dll" at 0000004FFCAC0000: builtin
02-13 13:09:42.030 13436 15069 I System.out: _r_debug not found in ld.so
02-13 13:09:42.032 13436 15068 I System.out: EVSHIM starting up…
02-13 13:09:42.035 13436 15068 I System.out: Bound to SDL 2.32.6  Axis=0x772fef0804
02-13 13:09:42.035 13436 15069 I System.out: I replace: rewrite: /data/data/com.winlator.cmod/files/imagefs/tmp/gamepad.mem -> /data/data/app.gamenative/files/imagefs/tmp/gamepad.mem
02-13 13:09:42.035 13436 15068 I System.out: >>> VJOY UPDATER for Player 0 is LIVE in PID 15194 <<<
02-13 13:09:42.035 13436 15069 I System.out: 00d4:fixme:fsync:do_fsync futexes not supported on this platform.
02-13 13:09:42.040 13436 15069 I System.out: 00d4:trace:loaddll:build_module Loaded L"C:\\windows\\system32\\explorer.exe" at 0000000140000000: builtin
02-13 13:09:42.041 13436 15069 I System.out: 00d4:trace:loaddll:build_module Loaded L"C:\\windows\\system32\\kernelbase.dll" at 0000004FFF140000: builtin
02-13 13:09:42.041 13436 15069 I System.out: 00d4:trace:loaddll:build_module Loaded L"C:\\windows\\system32\\kernel32.dll" at 0000004FFF7B0000: builtin
02-13 13:09:42.044 13436 15069 I System.out: 00d4:trace:loaddll:build_module Loaded L"C:\\windows\\system32\\ucrtbase.dll" at 0000004FFE860000: builtin
02-13 13:09:42.044 13436 15069 I System.out: 00d4:trace:loaddll:build_module Loaded L"C:\\windows\\system32\\sechost.dll" at 0000004FFEEA0000: builtin
02-13 13:09:42.045 13436 15069 I System.out: 00d4:trace:loaddll:build_module Loaded L"C:\\windows\\system32\\msvcrt.dll" at 0000004FFE330000: builtin
02-13 13:09:42.045 13436 15069 I System.out: 00d4:trace:loaddll:build_module Loaded L"C:\\windows\\system32\\advapi32.dll" at 0000004FFEF80000: builtin
02-13 13:09:42.045 13436 15069 I System.out: 00d4:trace:loaddll:build_module Loaded L"C:\\windows\\system32\\rpcrt4.dll" at 0000004FFDE50000: builtin
02-13 13:09:42.047 13436 15069 I System.out: 00d4:trace:loaddll:build_module Loaded L"C:\\windows\\system32\\win32u.dll" at 0000004FFCB90000: builtin
02-13 13:09:42.047 13436 15069 I System.out: 00d4:trace:loaddll:build_module Loaded L"C:\\windows\\system32\\gdi32.dll" at 0000004FFCC30000: builtin
02-13 13:09:42.048 13436 15069 I System.out: 00d4:trace:loaddll:build_module Loaded L"C:\\windows\\system32\\ws2_32.dll" at 0000004FFE220000: builtin
02-13 13:09:42.048 13436 15069 I System.out: 00d4:trace:loaddll:build_module Loaded L"C:\\windows\\system32\\user32.dll" at 0000004FFD030000: builtin
02-13 13:09:42.059 13436 15069 I System.out: I replace: rewrite (fstatat): /data/data/com.winlator.cmod/files/imagefs/usr/share/fonts -> /data/data/app.gamenative/files/imagefs/usr/share/fonts
02-13 13:09:42.059 13436 15069 I System.out: I replace: rewrite: /data/data/com.winlator.cmod/files/imagefs/usr/share/fonts -> /data/data/app.gamenative/files/imagefs/usr/share/fonts
02-13 13:09:43.259 13436 13436 W LOG_FLOWCTRL: ==LOGS OVER PROC QUOTA(300), rows(141) bytes(16157) app.gamenative u(0) l(0) t(0) c(0) DROPPED==
02-13 13:09:43.259 13436 13436 W VRI[MainActivityAliasDefault]: handleResized abandoned!
02-13 13:09:43.286 13436 13436 D WindowOnBackDispatcher: onBackInvoked callback: android.view.ViewRootImpl$$ExternalSyntheticLambda13@286815c, animationCallback is null
02-13 13:09:43.286 13436 13436 E IJankManager: slideSceneEnd unknown scene 1000 mScene:-1
02-13 13:09:43.286 13436 13436 D WindowOnBackDispatcher:  predictive settings is disabled for app.gamenative
02-13 13:09:43.286 13436 13436 D WindowOnBackDispatcher:  predictive settings is disabled for app.gamenative
02-13 13:09:43.288 13436 13436 I XServerScreenKt: BackHandler
02-13 13:09:43.290 13436 13436 V TextView: notifyAutoFillManagerAfterTextChanged
02-13 13:09:43.290 13436 13436 V AutofillManager: notifyValueChanged(1073741885): ignoring on state UNKNOWN
02-13 13:09:43.290 13436 13436 V TextView: notifyAutoFillManagerAfterTextChanged
02-13 13:09:43.290 13436 13436 V AutofillManager: notifyValueChanged(1073741885): ignoring on state UNKNOWN
02-13 13:09:43.294 13436 13436 D WindowOnBackDispatcher:  predictive settings is disabled for app.gamenative
02-13 13:09:43.295 13436 13436 D WindowManager: Add to mViews: com.android.internal.policy.DecorView{71b11f V.ED..... R.....I. 0,0-0,0 alpha=1.0 viewInfo = }[MainActivityAliasDefault],pkg= app.gamenative
02-13 13:09:43.295 13436 13602 D skia    : setRusSupported enable 0
02-13 13:09:43.298 13436 13436 D ViewRootImplExtImpl: onDisplayChanged -1 for VRI android.view.ViewRootImpl@d8a403b
02-13 13:09:43.299 13436 13436 E OplusBracketLog: [OplusViewMirrorManager] updateHostViewRootIfNeeded, not support android.view.ViewRootImpl@d8a403b
02-13 13:09:43.299 13436 13436 D WindowOnBackDispatcher:  predictive settings is disabled for app.gamenative
02-13 13:09:43.299 13436 13436 D WindowOnBackDispatcher:  predictive settings is disabled for app.gamenative
02-13 13:09:43.299 13436 13436 D android.widget.GridLayout: horizontal constraints: x1-x0>=370, x2-x1>=370, x3-x2>=370, x4-x3>=370, x5-x4>=370, x5-x0<=1008 are inconsistent; permanently removing: x5-x0<=1008. 
02-13 13:09:43.301 13436 13436 D BufferQueueConsumer: [](id:347c0000000c,api:0,p:-1,c:13436) connect: controlledByApp=false
02-13 13:09:43.301 13436 13436 D BufferQueueConsumer: [VRI[MainActivityAliasDefault]#12(BLAST Consumer)12](id:347c0000000c,api:0,p:-1,c:13436) setMaxAcquiredBufferCount: 2
02-13 13:09:43.301 13436 13602 D BufferQueueProducer: [VRI[MainActivityAliasDefault]#12(BLAST Consumer)12](id:347c0000000c,api:1,p:13436,c:13436) connect: api=1 producerControlledByApp=true
02-13 13:09:43.302 13436 13436 I SurfaceControl:  setExtendedRangeBrightness sc=Surface(name=app.gamenative/app.gamenative.MainActivityAliasDefault)/@0x9bfe6f6,currentBufferRatio=1.0,desiredRatio=1.0
02-13 13:09:43.303 13436 13602 D BLASTBufferQueue: [VRI[MainActivityAliasDefault]#12](f:0,a:1) acquireNextBufferLocked size=1962x418 mFrameNumber=1 applyTransaction=true mTimestamp=52866930128009(auto) mPendingTransactions.size=0 graphicBufferId=57707180589132 transform=7
02-13 13:09:43.303 13436 13602 D VRI[MainActivityAliasDefault]: Received frameCommittedCallback lastAttemptedDrawFrameNum=1 didProduceBuffer=true syncBuffer=false
02-13 13:09:43.304 13436 13436 W TextView: onProvideContentCaptureStructure(): calling assumeLayout()
02-13 13:09:43.304 13436 13436 D VRI[MainActivityAliasDefault]: draw finished. seqId=0
02-13 13:09:43.305 13436 13602 D VRI[MainActivityAliasDefault]: Received frameCommittedCallback lastAttemptedDrawFrameNum=2 didProduceBuffer=false syncBuffer=false
02-13 13:09:43.305 13436 13436 D VRI[MainActivityAliasDefault]: draw finished. seqId=0
02-13 13:09:43.312 13436 13436 D VRI[MainActivityAliasDefault]: onFocusEvent false
02-13 13:09:43.313 13436 13436 D InsetsController: setRequestedVisibleTypes, mRequestedVisibleTypes: captionBar systemGestures mandatorySystemGestures tappableElement displayCutout windowDecor systemOverlays, requestedVisibleTypes: captionBar systemGestures mandatorySystemGestures tappableElement displayCutout windowDecor systemOverlays, visibleTypes: , type: 2, call: android.view.InsetsController.controlAnimationUnchecked:1556 android.view.InsetsController.applyAnimation:2378 android.view.InsetsController.applyAnimation:2344 android.view.InsetsController.onControlsChanged:1184 android.view.ViewRootImpl.onActiveControlsChanged:2690 android.view.ViewRootImpl.handleInsetsControlChanged:2644 android.view.ViewRootImpl$W.insetsControlChanged:13164 android.app.servertransaction.WindowStateInsetsControlChangeItem.execute:85 android.app.servertransaction.WindowStateTransactionItem.execute:62 android.app.servertransaction.TransactionExecutor.executeNonLifecycleItem:138 
02-13 13:09:43.313 13436 13436 W VRI[MainActivityAliasDefault]: handleResized abandoned!
02-13 13:09:43.313 13436 13436 W VRI[MainActivityAliasDefault]: handleResized abandoned!
02-13 13:09:43.318 13436 13436 D VRI[MainActivityAliasDefault]: onFocusEvent true
02-13 13:09:43.320 13436 13436 D InsetsController: hide(ime(), fromIme=false)
02-13 13:09:43.320 13436 13436 I ImeTracker: app.gamenative:e2de6d98: onCancelled at PHASE_CLIENT_ALREADY_HIDDEN
02-13 13:09:43.663 13436 13436 D InsetsController: setRequestedVisibleTypes, mRequestedVisibleTypes: captionBar systemGestures mandatorySystemGestures tappableElement displayCutout windowDecor systemOverlays, requestedVisibleTypes: captionBar systemGestures mandatorySystemGestures tappableElement displayCutout windowDecor systemOverlays, visibleTypes: , type: 2, call: android.view.InsetsController.notifyFinished:1966 android.view.InsetsAnimationThreadControlRunner$1.lambda$notifyFinished$0:82 android.view.InsetsAnimationThreadControlRunner$1.$r8$lambda$cDFF0h4Ncq-8EXdGszv69jrUu7c:0 android.view.InsetsAnimationThreadControlRunner$1$$ExternalSyntheticLambda1.run:0 android.os.Handler.handleCallback:1027 android.os.Handler.dispatchMessage:108 android.os.Looper.loopOnce:298 android.os.Looper.loop:408 android.app.ActivityThread.main:9964 java.lang.reflect.Method.invoke:-2 
02-13 13:09:43.747 13436 13436 E IJankManager: slideSceneEnd unknown scene 1000 mScene:-1
02-13 13:09:43.747 13436 13436 V AutofillManager: requestHideFillUi(null): anchor = null
02-13 13:09:43.826 13436 13436 D OplusViewDragTouchViewHelper: dispatchTouchView action = 1
02-13 13:09:43.826 13436 13436 D ViewRootImplExtImpl: the up motion event handled by client, just return
02-13 13:09:43.827 13436 13436 I XServerScreenKt: Exit called
02-13 13:09:43.828 13436 13436 D SysVSharedMemoryComponent: Stopping...
02-13 13:09:43.829 13436 13436 D XServerComponent: Stopping...
02-13 13:09:43.829 13436 15069 I System.out: X connection to :0 broken (explicit kill or server shutdown).
02-13 13:09:43.829 13436 15062 I XServerScreenKt$XServerScreen$4$2$xServerView: onUnmapWindow:
02-13 13:09:43.829 13436 15062 I XServerScreenKt$XServerScreen$4$2$xServerView: 	windowName: 
02-13 13:09:43.829 13436 15062 I XServerScreenKt$XServerScreen$4$2$xServerView: 	windowClassName: winhandler.exe
02-13 13:09:43.829 13436 15062 I XServerScreenKt$XServerScreen$4$2$xServerView: 	processId: 232
02-13 13:09:43.829 13436 15062 I XServerScreenKt$XServerScreen$4$2$xServerView: 	hasParent: true
02-13 13:09:43.829 13436 15062 I XServerScreenKt$XServerScreen$4$2$xServerView: 	childrenSize: 0
02-13 13:09:43.830 13436 15069 I System.out: X connection to :0 broken (explicit kill or server shutdown).
02-13 13:09:43.830 13436 15069 I System.out: 00ec:fixme:x11drv:X11DRV_DestroyNotify window 0x200a2/2000003 destroyed from the outside
02-13 13:09:43.830 13436 15069 I System.out: 00ec:fixme:x11drv:X11DRV_DestroyNotify window 0x1007a/2000002 destroyed from the outside
02-13 13:09:43.830 13436 15069 I System.out: X connection to :0 broken (explicit kill or server shutdown).
02-13 13:09:43.830 13436 15062 I XServerScreenKt$XServerScreen$4$2$xServerView: onUnmapWindow:
02-13 13:09:43.830 13436 15062 I XServerScreenKt$XServerScreen$4$2$xServerView: 	windowName: 
02-13 13:09:43.830 13436 15062 I XServerScreenKt$XServerScreen$4$2$xServerView: 	windowClassName: explorer.exe
02-13 13:09:43.830 13436 15062 I XServerScreenKt$XServerScreen$4$2$xServerView: 	processId: 208
02-13 13:09:43.830 13436 15062 I XServerScreenKt$XServerScreen$4$2$xServerView: 	hasParent: true
02-13 13:09:43.830 13436 15062 I XServerScreenKt$XServerScreen$4$2$xServerView: 	childrenSize: 0
02-13 13:09:43.830 13436 15062 I XServerScreenKt$XServerScreen$4$2$xServerView: onUnmapWindow:
02-13 13:09:43.830 13436 15062 I XServerScreenKt$XServerScreen$4$2$xServerView: 	windowName: 
02-13 13:09:43.830 13436 15062 I XServerScreenKt$XServerScreen$4$2$xServerView: 	windowClassName: explorer.exe
02-13 13:09:43.830 13436 15062 I XServerScreenKt$XServerScreen$4$2$xServerView: 	processId: 208
02-13 13:09:43.830 13436 15062 I XServerScreenKt$XServerScreen$4$2$xServerView: 	hasParent: true
02-13 13:09:43.830 13436 15062 I XServerScreenKt$XServerScreen$4$2$xServerView: 	childrenSize: 0
02-13 13:09:43.831 13436 13436 D NetworkInfoUpdateComponent: Stopping...
02-13 13:09:43.831 13436 13436 D SteamClientComponent: Stopping...
02-13 13:09:43.831 13436 13436 D PulseAudioComponent: Stopping...
02-13 13:09:43.831 13436 13436 I Process : Sending signal. PID: 15064 SIG: 9
02-13 13:09:43.831 13436 13436 I Process : Sending signal. PID: 15067 SIG: 9
02-13 13:09:43.831 13436 13436 D BionicProgramLauncherComponent: Stopped process 15067
02-13 13:09:43.832 13436 15069 I System.out: 00d4:fixme:x11drv:X11DRV_DestroyNotify window 0x20082/80000f destroyed from the outside
02-13 13:09:43.832 13436 15069 I System.out: 00d4:fixme:x11drv:X11DRV_DestroyNotify window 0x10064/80000e destroyed from the outside
02-13 13:09:43.832 13436 15069 I System.out: 00d4:fixme:x11drv:X11DRV_DestroyNotify window 0x10062/80000d destroyed from the outside
02-13 13:09:43.832 13436 15069 I System.out: 00d4:fixme:x11drv:X11DRV_DestroyNotify window 0x10060/80000c destroyed from the outside
02-13 13:09:43.832 13436 15069 I System.out: X connection to :0 broken (explicit kill or server shutdown).
02-13 13:09:43.832 13436 15063 E SteamPipeServer: Server error
02-13 13:09:43.832 13436 15063 E SteamPipeServer: java.net.SocketException: Socket closed
02-13 13:09:43.832 13436 15063 E SteamPipeServer: 	at java.net.PlainSocketImpl.socketAccept(PlainSocketImpl.java:213)
02-13 13:09:43.832 13436 15063 E SteamPipeServer: 	at java.net.AbstractPlainSocketImpl.accept(AbstractPlainSocketImpl.java:451)
02-13 13:09:43.832 13436 15063 E SteamPipeServer: 	at java.net.ServerSocket.implAccept(ServerSocket.java:569)
02-13 13:09:43.832 13436 15063 E SteamPipeServer: 	at java.net.ServerSocket.accept(ServerSocket.java:537)
02-13 13:09:43.832 13436 15063 E SteamPipeServer: 	at com.winlator.steampipeserver.SteamPipeServer.lambda$start$0(SteamPipeServer.java:37)
02-13 13:09:43.832 13436 15063 E SteamPipeServer: 	at com.winlator.steampipeserver.SteamPipeServer.$r8$lambda$zPyjYyd5Wf5s-sDPerpgggJFOLE(Unknown Source:0)
02-13 13:09:43.832 13436 15063 E SteamPipeServer: 	at com.winlator.steampipeserver.SteamPipeServer$$ExternalSyntheticLambda0.run(D8$$SyntheticClass:0)
02-13 13:09:43.832 13436 15063 E SteamPipeServer: 	at java.lang.Thread.run(Thread.java:1563)
02-13 13:09:43.832 13436 15063 E SteamPipeServer: Caused by: android.system.ErrnoException: accept failed: EINVAL (Invalid argument)
02-13 13:09:43.832 13436 15063 E SteamPipeServer: 	at libcore.io.Linux.accept(Native Method)
02-13 13:09:43.832 13436 15063 E SteamPipeServer: 	at libcore.io.ForwardingOs.accept(ForwardingOs.java:92)
02-13 13:09:43.832 13436 15063 E SteamPipeServer: 	at libcore.io.BlockGuardOs.accept(BlockGuardOs.java:66)
02-13 13:09:43.832 13436 15063 E SteamPipeServer: 	at libcore.io.ForwardingOs.accept(ForwardingOs.java:92)
02-13 13:09:43.832 13436 15063 E SteamPipeServer: 	at java.net.PlainSocketImpl.socketAccept(PlainSocketImpl.java:201)
02-13 13:09:43.832 13436 15063 E SteamPipeServer: 	... 7 more
02-13 13:09:43.832 13436 15069 I System.out: X connection to :0 broken (explicit kill or server shutdown).
02-13 13:09:43.843 13436 13436 I Process : Sending signal. PID: 15119 SIG: 9
02-13 13:09:43.843 13436 13436 I Process : Sending signal. PID: 15130 SIG: 9
02-13 13:09:43.843 13436 13436 I Process : Sending signal. PID: 15138 SIG: 9
02-13 13:09:43.843 13436 13436 I Process : Sending signal. PID: 15158 SIG: 9
02-13 13:09:43.843 13436 13436 I Process : Sending signal. PID: 15170 SIG: 9
02-13 13:09:43.843 13436 13436 I Process : Sending signal. PID: 15179 SIG: 9
02-13 13:09:43.843 13436 13436 I Process : Sending signal. PID: 15223 SIG: 9
02-13 13:09:43.844 13436 13436 I Process : Sending signal. PID: 15313 SIG: 9
02-13 13:09:43.844 13436 13436 D BionicProgramLauncherComponent: WinePath is /data/user/0/app.gamenative/files/imagefs/opt/proton-10.0-arm64ec/bin
02-13 13:09:43.844 13436 13436 D FileUtils: Attempting to chmod /data/user/0/app.gamenative/files/imagefs/usr/bin/box64
02-13 13:09:43.844 13436 13436 D FileUtils: Successfully chmod-ed /data/user/0/app.gamenative/files/imagefs/usr/bin/box64
02-13 13:09:43.844 13436 13436 D BionicProgramLauncherComponent: Shell command is /data/user/0/app.gamenative/files/imagefs/opt/proton-10.0-arm64ec/bin/wineserver -k
02-13 13:09:43.848 13436 15070 E XServerScreenKt: Guest program terminated with status: 137
02-13 13:09:43.848 13436 13436 I Exit    : Exiting, getting feedback for appId: CUSTOM_GAME_178236438
02-13 13:09:43.848 13436 13436 I Exit    : Got game id: 178236438
02-13 13:09:43.848 13436 15070 I XServerScreenKt: onGuestProgramTerminated
02-13 13:09:43.848 13436 13436 D OplusScrollToTopManager: app.gamenative/app.gamenative.MainActivityAliasDefault,window dying
02-13 13:09:43.848 13436 13436 D OplusScrollToTopManager: app.gamenative/app.gamenative.MainActivityAliasDefault,unregisterSystemUIBroadcastReceiver 
02-13 13:09:43.848 13436 13693 I SteamService$Companion$notifyRunningProcesses: GameProcessInfo:
02-13 13:09:43.848 13436 15070 I XServerScreenKt: Exit called
02-13 13:09:43.848 13436 13436 D OplusScrollToTopManager: app.gamenative/app.gamenative.MainActivityAliasDefault, unregisterSystemUIBroadcastReceiver failed java.lang.IllegalArgumentException: Receiver not registered: android.view.OplusScrollToTopManager$2@e2884ad
02-13 13:09:43.848 13436 13436 W WindowOnBackDispatcher: sendCancelIfRunning: isInProgress=false callback=android.view.ViewRootImpl$$ExternalSyntheticLambda13@dd2a517
02-13 13:09:43.848 13436 13436 D OplusCursorFeedback: editorDetachFromWindow android.widget.Editor@a7b63e2
02-13 13:09:43.849 13436 13436 D HWUI    : RenderProxy::destroy: this=0x7cd97c6200, mContext=0x7b9d4a69c0
02-13 13:09:43.849 13436 13602 D HWUI    : SkiaVulkanPipeline::setSurface: this=0x7ba2649300, surface=NULL
02-13 13:09:43.849 13436 13602 D BufferQueueProducer: [VRI[MainActivityAliasDefault]#12(BLAST Consumer)12](id:347c0000000c,api:1,p:13436,c:13436) disconnect: api 1
02-13 13:09:43.850 13436 13436 D BLASTBufferQueue: [VRI[MainActivityAliasDefault]#12](f:0,a:1) destructor()
02-13 13:09:43.850 13436 13436 D BufferQueueConsumer: [VRI[MainActivityAliasDefault]#12(BLAST Consumer)12](id:347c0000000c,api:0,p:-1,c:13436) disconnect
02-13 13:09:43.853 13436 13436 E MainViewModel: Game launch error: Game terminated with error status: 137
02-13 13:09:43.854 13436 13436 I PluviaMainKt$PluviaMain: onDestinationChanged to home?offline={offline}
02-13 13:09:43.854 13436 13436 I Exit    : Exiting, getting feedback for appId: CUSTOM_GAME_178236438
02-13 13:09:43.854 13436 13436 I Exit    : Got game id: 178236438
02-13 13:09:43.854 13436 13689 I SteamService$Companion$notifyRunningProcesses: GameProcessInfo:
02-13 13:09:43.855 13436 13674 W SteamService$Companion$closeApp: Cannot close app when sync already in progress for appId=178236438
02-13 13:09:43.855 13436 13436 D MainViewModel$exitSteamApp: Non-Steam Game Detected, not showing feedback
02-13 13:09:43.855 13436 13436 D MainViewModel$exitSteamApp: Non-Steam Game Detected, not showing feedback
02-13 13:09:43.858 13436 13436 D InsetsController: Setting requestedVisibleTypes to -9 (was -12)
02-13 13:09:43.858 13436 13436 D MainActivity: 103 => currentOrientation(LANDSCAPE) != nearestOrientation(UNSPECIFIED) && currentDistance(2147483647) > nearestDistance(0)
02-13 13:09:43.871 13436 13436 D WindowOnBackDispatcher:  predictive settings is disabled for app.gamenative
02-13 13:09:43.871 13436 13436 W WindowOnBackDispatcher: OnBackInvokedCallback is not enabled for the application.
02-13 13:09:43.871 13436 13436 W WindowOnBackDispatcher: Set 'android:enableOnBackInvokedCallback="true"' in the application manifest.
02-13 13:09:43.879 13436 13436 D LibraryListPane: Skeleton calculation - Custom: 3, Steam: 205, GOG installed: 0, Epic installed: 0, Total: 208
02-13 13:09:43.895 13436 13436 D CustomGameScanner: Found matching extracted icon for selected exe: /storage/emulated/0/Documents/Games/PC/Cracked/Cyberpunk 2077/bin/x64/Cyberpunk2077.extracted.png
02-13 13:09:43.900 13436 13436 D CustomGameScanner: Found cached icon at /storage/emulated/0/Documents/Games/PC/Cracked/Final Fantasy XV Windows Edition/ffxv_s.extracted.png
02-13 13:09:43.904 13436 13436 D CustomGameScanner: Found cached icon at /storage/emulated/0/Documents/Games/PC/Cracked/God of War/GoW.extracted.png
02-13 13:09:43.911 13436 13436 D ViewRootImplExtImpl: wrapConfigInfoIntoFlags rotation=1, smallestScreenWidthDp=363, residentWS=false, scenario=0, bounds=Rect(0, 0 - 2772, 1272), relayoutAsync=true, flags=0, newFlags=1453337960, title=app.gamenative/app.gamenative.MainActivityAliasDefault
